../Drivers/CMSIS/Include/core_cm4.h:1684:22:__NVIC_EnableIRQ	16	static,ignoring_inline_asm
../Drivers/CMSIS/Include/core_cm4.h:1814:22:__NVIC_SetPriority	16	static
../Drivers/CMSIS/Include/core_cm4.h:2022:26:SysTick_Config	16	static
../Core/Src/main.c:8:13:systick_init	8	static
../Core/Src/main.c:13:6:SysTick_Handler	4	static
../Core/Src/main.c:18:13:tim2_init_10us	8	static
../Core/Src/main.c:30:13:tim3_init_1ms	8	static
../Core/Src/main.c:42:6:TIM2_IRQHandler	8	static
../Core/Src/main.c:51:6:TIM3_IRQHandler	8	static
../Core/Src/main.c:61:5:main	32	static,ignoring_inline_asm
