Archive member included to satisfy reference by file (symbol)

C:/arm-gnu-toolchain-15.2.rel1-mingw-w64-i686-arm-none-eabi/bin/../lib/gcc/arm-none-eabi/15.2.1/../../../../arm-none-eabi/lib/thumb/v7e-m+fp/hard\libc_nano.a(libc_a-abs.o)
                              gripper_control.o (abs)
C:/arm-gnu-toolchain-15.2.rel1-mingw-w64-i686-arm-none-eabi/bin/../lib/gcc/arm-none-eabi/15.2.1/../../../../arm-none-eabi/lib/thumb/v7e-m+fp/hard\libc_nano.a(libc_a-nano-vfprintf_float.o)
                              (_printf_float)
C:/arm-gnu-toolchain-15.2.rel1-mingw-w64-i686-arm-none-eabi/bin/../lib/gcc/arm-none-eabi/15.2.1/../../../../arm-none-eabi/lib/thumb/v7e-m+fp/hard\libc_nano.a(libc_a-nano-vfprintf_i.o)
                              C:/arm-gnu-toolchain-15.2.rel1-mingw-w64-i686-arm-none-eabi/bin/../lib/gcc/arm-none-eabi/15.2.1/../../../../arm-none-eabi/lib/thumb/v7e-m+fp/hard\libc_nano.a(libc_a-nano-vfprintf_float.o) (_printf_common)
C:/arm-gnu-toolchain-15.2.rel1-mingw-w64-i686-arm-none-eabi/bin/../lib/gcc/arm-none-eabi/15.2.1/../../../../arm-none-eabi/lib/thumb/v7e-m+fp/hard\libc_nano.a(libc_a-printf.o)
                              exception.o (printf)
C:/arm-gnu-toolchain-15.2.rel1-mingw-w64-i686-arm-none-eabi/bin/../lib/gcc/arm-none-eabi/15.2.1/../../../../arm-none-eabi/lib/thumb/v7e-m+fp/hard\libc_nano.a(libc_a-setvbuf.o)
                              main.o (setvbuf)
C:/arm-gnu-toolchain-15.2.rel1-mingw-w64-i686-arm-none-eabi/bin/../lib/gcc/arm-none-eabi/15.2.1/../../../../arm-none-eabi/lib/thumb/v7e-m+fp/hard\libc_nano.a(libc_a-vsprintf.o)
                              uart.o (vsprintf)
C:/arm-gnu-toolchain-15.2.rel1-mingw-w64-i686-arm-none-eabi/bin/../lib/gcc/arm-none-eabi/15.2.1/../../../../arm-none-eabi/lib/thumb/v7e-m+fp/hard\libc_nano.a(libc_a-localeconv.o)
                              C:/arm-gnu-toolchain-15.2.rel1-mingw-w64-i686-arm-none-eabi/bin/../lib/gcc/arm-none-eabi/15.2.1/../../../../arm-none-eabi/lib/thumb/v7e-m+fp/hard\libc_nano.a(libc_a-nano-vfprintf_float.o) (_localeconv_r)
C:/arm-gnu-toolchain-15.2.rel1-mingw-w64-i686-arm-none-eabi/bin/../lib/gcc/arm-none-eabi/15.2.1/../../../../arm-none-eabi/lib/thumb/v7e-m+fp/hard\libc_nano.a(libc_a-impure.o)
                              main.o (_impure_ptr)
C:/arm-gnu-toolchain-15.2.rel1-mingw-w64-i686-arm-none-eabi/bin/../lib/gcc/arm-none-eabi/15.2.1/../../../../arm-none-eabi/lib/thumb/v7e-m+fp/hard\libc_nano.a(libc_a-errno.o)
                              runtime.o (__errno)
C:/arm-gnu-toolchain-15.2.rel1-mingw-w64-i686-arm-none-eabi/bin/../lib/gcc/arm-none-eabi/15.2.1/../../../../arm-none-eabi/lib/thumb/v7e-m+fp/hard\libc_nano.a(libc_a-lock.o)
                              C:/arm-gnu-toolchain-15.2.rel1-mingw-w64-i686-arm-none-eabi/bin/../lib/gcc/arm-none-eabi/15.2.1/../../../../arm-none-eabi/lib/thumb/v7e-m+fp/hard\libc_nano.a(libc_a-setvbuf.o) (__retarget_lock_acquire_recursive)
C:/arm-gnu-toolchain-15.2.rel1-mingw-w64-i686-arm-none-eabi/bin/../lib/gcc/arm-none-eabi/15.2.1/../../../../arm-none-eabi/lib/thumb/v7e-m+fp/hard\libc_nano.a(libc_a-memchr.o)
                              C:/arm-gnu-toolchain-15.2.rel1-mingw-w64-i686-arm-none-eabi/bin/../lib/gcc/arm-none-eabi/15.2.1/../../../../arm-none-eabi/lib/thumb/v7e-m+fp/hard\libc_nano.a(libc_a-nano-vfprintf_i.o) (memchr)
C:/arm-gnu-toolchain-15.2.rel1-mingw-w64-i686-arm-none-eabi/bin/../lib/gcc/arm-none-eabi/15.2.1/../../../../arm-none-eabi/lib/thumb/v7e-m+fp/hard\libc_nano.a(libc_a-strlen.o)
                              C:/arm-gnu-toolchain-15.2.rel1-mingw-w64-i686-arm-none-eabi/bin/../lib/gcc/arm-none-eabi/15.2.1/../../../../arm-none-eabi/lib/thumb/v7e-m+fp/hard\libc_nano.a(libc_a-nano-vfprintf_float.o) (strlen)
C:/arm-gnu-toolchain-15.2.rel1-mingw-w64-i686-arm-none-eabi/bin/../lib/gcc/arm-none-eabi/15.2.1/../../../../arm-none-eabi/lib/thumb/v7e-m+fp/hard\libc_nano.a(libc_a-dtoa.o)
                              C:/arm-gnu-toolchain-15.2.rel1-mingw-w64-i686-arm-none-eabi/bin/../lib/gcc/arm-none-eabi/15.2.1/../../../../arm-none-eabi/lib/thumb/v7e-m+fp/hard\libc_nano.a(libc_a-nano-vfprintf_float.o) (_dtoa_r)
C:/arm-gnu-toolchain-15.2.rel1-mingw-w64-i686-arm-none-eabi/bin/../lib/gcc/arm-none-eabi/15.2.1/../../../../arm-none-eabi/lib/thumb/v7e-m+fp/hard\libc_nano.a(libc_a-freer.o)
                              C:/arm-gnu-toolchain-15.2.rel1-mingw-w64-i686-arm-none-eabi/bin/../lib/gcc/arm-none-eabi/15.2.1/../../../../arm-none-eabi/lib/thumb/v7e-m+fp/hard\libc_nano.a(libc_a-setvbuf.o) (_free_r)
C:/arm-gnu-toolchain-15.2.rel1-mingw-w64-i686-arm-none-eabi/bin/../lib/gcc/arm-none-eabi/15.2.1/../../../../arm-none-eabi/lib/thumb/v7e-m+fp/hard\libc_nano.a(libc_a-malloc.o)
                              C:/arm-gnu-toolchain-15.2.rel1-mingw-w64-i686-arm-none-eabi/bin/../lib/gcc/arm-none-eabi/15.2.1/../../../../arm-none-eabi/lib/thumb/v7e-m+fp/hard\libc_nano.a(libc_a-setvbuf.o) (malloc)
[...]
Memory Configuration

Name             Origin             Length             Attributes
ROM              0x08000000         0x00080000         xr
RAM              0x20000000         0x00020000         xrw
*default*        0x00000000         0xffffffff

Linker script and memory map

LOAD adc.o
LOAD clock.o
LOAD exception.o
LOAD feetech.o
LOAD gripper_control.o
LOAD i2c.o
LOAD key.o
LOAD led.o
LOAD main.o
LOAD mcp2515.o
LOAD runtime.o
LOAD spi.o
LOAD system_stm32f4xx.o
LOAD systick.o
LOAD timer.o
LOAD uart.o
LOAD crt0.o
LOAD C:/arm-gnu-toolchain-15.2.rel1-mingw-w64-i686-arm-none-eabi/bin/../lib/gcc/arm-none-eabi/15.2.1/../../../../arm-none-eabi/lib/thumb/v7e-m+fp/hard\libc_nano.a
LOAD C:/arm-gnu-toolchain-15.2.rel1-mingw-w64-i686-arm-none-eabi/bin/../lib/gcc/arm-none-eabi/15.2.1/thumb/v7e-m+fp/hard\libgcc.a
START GROUP
LOAD C:/arm-gnu-toolchain-15.2.rel1-mingw-w64-i686-arm-none-eabi/bin/../lib/gcc/arm-none-eabi/15.2.1/thumb/v7e-m+fp/hard\libgcc.a
LOAD C:/arm-gnu-toolchain-15.2.rel1-mingw-w64-i686-arm-none-eabi/bin/../lib/gcc/arm-none-eabi/15.2.1/../../../../arm-none-eabi/lib/thumb/v7e-m+fp/hard\libc_nano.a
END GROUP
START GROUP
LOAD C:/arm-gnu-toolchain-15.2.rel1-mingw-w64-i686-arm-none-eabi/bin/../lib/gcc/arm-none-eabi/15.2.1/thumb/v7e-m+fp/hard\libgcc.a
LOAD C:/arm-gnu-toolchain-15.2.rel1-mingw-w64-i686-arm-none-eabi/bin/../lib/gcc/arm-none-eabi/15.2.1/../../../../arm-none-eabi/lib/thumb/v7e-m+fp/hard\libc_nano.a
LOAD C:/arm-gnu-toolchain-15.2.rel1-mingw-w64-i686-arm-none-eabi/bin/../lib/gcc/arm-none-eabi/15.2.1/../../../../arm-none-eabi/lib/thumb/v7e-m+fp/hard\libnosys.a
END GROUP
START GROUP
LOAD C:/arm-gnu-toolchain-15.2.rel1-mingw-w64-i686-arm-none-eabi/bin/../lib/gcc/arm-none-eabi/15.2.1/thumb/v7e-m+fp/hard\libgcc.a
LOAD C:/arm-gnu-toolchain-15.2.rel1-mingw-w64-i686-arm-none-eabi/bin/../lib/gcc/arm-none-eabi/15.2.1/../../../../arm-none-eabi/lib/thumb/v7e-m+fp/hard\libc_nano.a
LOAD C:/arm-gnu-toolchain-15.2.rel1-mingw-w64-i686-arm-none-eabi/bin/../lib/gcc/arm-none-eabi/15.2.1/../../../../arm-none-eabi/lib/thumb/v7e-m+fp/hard\libnosys.a
END GROUP

.text           0x08000000     0x7ffc
                0x08000000                        __RO_BASE__ = .
 crt0.o(.text)
 .text          0x08000000      0x204 crt0.o
                0x08000198                RTC_Alarm_IRQHandler
                0x08000198                EXTI2_IRQHandler
                0x08000198                DebugMon_Handler
                0x08000198                SPI4_IRQHandler
                0x08000198                TIM1_CC_IRQHandler
                0x08000198                DMA2_Stream5_IRQHandler
                0x08000198                HardFault_Handler
                0x08000198                DMA1_Stream5_IRQHandler
                0x08000198                SysTick_Handler
                0x08000198                PVD_IRQHandler
                0x08000198                SDIO_IRQHandler
                0x08000198                TAMP_STAMP_IRQHandler
                0x08000198                PendSV_Handler
                0x08000198                NMI_Handler
                0x08000198                EXTI3_IRQHandler
                0x08000198                TIM1_UP_TIM10_IRQHandler
                0x08000198                I2C3_ER_IRQHandler
                0x08000198                EXTI0_IRQHandler
                0x08000198                I2C2_EV_IRQHandler
                0x08000198                DMA1_Stream2_IRQHandler
                0x08000198                FPU_IRQHandler
                0x08000198                UsageFault_Handler
                0x08000198                DMA2_Stream2_IRQHandler
                0x08000198                SPI1_IRQHandler
                0x08000198                TIM1_BRK_TIM9_IRQHandler
                0x08000198                DMA2_Stream3_IRQHandler
                0x08000198                USART6_IRQHandler
                0x08000198                DMA2_Stream0_IRQHandler
                0x08000198                TIM4_IRQHandler
                0x08000198                I2C1_EV_IRQHandler
                0x08000198                Invalid_ISR
                0x08000198                DMA1_Stream6_IRQHandler
                0x08000198                DMA1_Stream1_IRQHandler
                0x08000198                RCC_IRQHandler
                0x08000198                EXTI15_10_IRQHandler
                0x08000198                ADC_IRQHandler
                0x08000198                DMA1_Stream7_IRQHandler
                0x08000198                SPI5_IRQHandler
                0x08000198                TIM5_IRQHandler
                0x08000198                DMA2_Stream7_IRQHandler
                0x08000198                I2C3_EV_IRQHandler
                0x08000198                EXTI9_5_IRQHandler
                0x08000198                RTC_WKUP_IRQHandler
                0x08000198                SPI2_IRQHandler
                0x08000198                MemManage_Handler
                0x08000198                DMA1_Stream0_IRQHandler
                0x08000198                SVC_Handler
                0x08000198                WWDG_IRQHandler
                0x08000198                TIM2_IRQHandler
                0x08000198                OTG_FS_WKUP_IRQHandler
                0x08000198                TIM1_TRG_COM_TIM11_IRQHandler
                0x08000198                EXTI1_IRQHandler
                0x08000198                USART2_IRQHandler
                0x08000198                I2C2_ER_IRQHandler
                0x08000198                DMA2_Stream1_IRQHandler
                0x08000198                FLASH_IRQHandler
                0x08000198                DMA2_Stream4_IRQHandler
                0x08000198                BusFault_Handler
                0x08000198                USART1_IRQHandler
                0x08000198                OTG_FS_IRQHandler
                0x08000198                SPI3_IRQHandler
                0x08000198                DMA1_Stream4_IRQHandler
                0x08000198                I2C1_ER_IRQHandler
                0x08000198                DMA2_Stream6_IRQHandler
                0x08000198                DMA1_Stream3_IRQHandler
                0x0800019c                __start
 *(.text)
 .text          0x08000204      0x120 adc.o
                0x08000204                ADC1_IN6_Init
                0x08000288                ADC1_Start
                0x080002a4                ADC1_Stop
                0x080002cc                ADC1_Get_Status
                0x0800030c                ADC1_Get_Data
 .text          0x08000324       0x8c clock.o
                0x08000324                Clock_Init
 .text          0x080003b0       0x34 exception.o
                0x080003b0                _Invalid_ISR
 .text          0x080003e4      0x36e feetech.o
                0x08000448                Feetech_Set_Position_Time
                0x080004f8                Feetech_Read_Pos_Load
                0x0800063a                Feetech_Sync_Write_Pos_Time
 *fill*         0x08000752        0x2 
 .text          0x08000754      0x7f4 gripper_control.o
                0x08000870                Gripper_Control_Task
                0x08000d10                Inject_Mock_Command
 .text          0x08000f48      0x1ec i2c.o
                0x08000f48                I2C1_SC16IS752_Init
                0x08001064                I2C1_SC16IS752_Write_Reg
                0x08001104                I2C1_SC16IS752_Config_GPIO
                0x0800111c                I2C1_SC16IS752_Write_GPIO
 .text          0x08001134      0x1dc key.o
                0x080011f0                Key_Poll_Init
                0x0800121c                Key_Get_Pressed
                0x08001240                Key_Wait_Key_Pressed
                0x08001260                Key_Wait_Key_Released
                0x08001280                Key_ISR_Enable
 .text          0x08001310       0xa4 led.o
                0x08001310                LED_Init
                0x08001360                LED_On
                0x0800137c                LED_Off
                0x08001398                LED_Toggle
 .text          0x080013b4     0x1288 main.o
                0x08002408                TIM3_IRQHandler
                0x0800248c                Main
 .text          0x0800263c      0x658 mcp2515.o
                0x0800279c                MCP2515_Abort_All_Tx
                0x080027e4                MCP2515_Int_Asserted
                0x08002950                MCP2515_Init
                0x08002a88                MCP2515_Read_Frame
                0x08002bc4                MCP2515_Send_Frame
                0x08002c68                EXTI4_IRQHandler
 .text          0x08002c94      0x148 runtime.o
                0x08002c94                _sbrk
                0x08002cfc                _write
                0x08002d34                _read
                0x08002d4c                _lseek
                0x08002d64                _close
                0x08002d7a                _fstat
                0x08002d98                _isatty
                0x08002dac                _getpid
                0x08002dba                _kill
 .text          0x08002ddc      0x1c8 spi.o
                0x08002ddc                MCP2515_SPI_Init
                0x08002f14                MCP2515_CS_Low
                0x08002f30                MCP2515_CS_High
                0x08002f60                MCP2515_SPI_TxRx_Byte
 .text          0x08002fa4      0x10c system_stm32f4xx.o
                0x08002fa4                SystemInit
                0x08002fc4                SystemCoreClockUpdate
 .text          0x080030b0       0xcc systick.o
                0x080030b0                SysTick_Run
                0x08003120                SysTick_Check_Timeout
                0x0800313c                SysTick_Get_Time
                0x08003150                SysTick_Get_Load_Time
                0x08003164                SysTick_Stop
 *fill*         0x0800317c        0x4 
 .text          0x08003180      0x4f4 timer.o
                0x0800323c                TIM2_Stopwatch_Start
                0x08003294                TIM2_Stopwatch_Stop
                0x080032d0                TIM2_Delay
                0x080033f0                TIM4_Repeat
                0x08003458                TIM4_Check_Timeout
                0x08003488                TIM4_Stop
                0x080034a4                TIM4_Change_Value
                0x080034c8                TIM4_Repeat_Interrupt_Enable
                0x0800356c                TIM3_Out_Init
                0x080035d4                TIM3_Out_Freq_Generation
                0x08003658                TIM3_Out_Stop
 *fill*         0x08003674        0x4 
 .text          0x08003678      0x4cc uart.o
                0x08003678                Uart2_Init
                0x080037cc                Uart2_Send_Byte
                0x08003814                Uart1_Init
                0x08003964                Uart1_Send_Byte
                0x080039ac                Uart1_Send_String
                0x080039d6                Uart1_Printf
                0x08003a0e                Uart1_Get_Pressed
                0x08003a34                Uart1_Get_Char
                0x08003a58                Uart1_Send_Binary
                0x08003a84                Uart1_Get_Char_Timeout
                0x08003ae4                Uart1_Set_Tx_Mode
                0x08003b0c                Uart1_Set_Rx_Mode
 .text          0x08003b44        0x0 C:/arm-gnu-toolchain-15.2.rel1-mingw-w64-i686-arm-none-eabi/bin/../lib/gcc/arm-none-eabi/15.2.1/../../../../arm-none-eabi/lib/thumb/v7e-m+fp/hard\libc_nano.a(libc_a-abs.o)
 .text          0x08003b44        0x0 C:/arm-gnu-toolchain-15.2.rel1-mingw-w64-i686-arm-none-eabi/bin/../lib/gcc/arm-none-eabi/15.2.1/../../../../arm-none-eabi/lib/thumb/v7e-m+fp/hard\libc_nano.a(libc_a-nano-vfprintf_float.o)
 .text          0x08003b44        0x0 C:/arm-gnu-toolchain-15.2.rel1-mingw-w64-i686-arm-none-eabi/bin/../lib/gcc/arm-none-eabi/15.2.1/../../../../arm-none-eabi/lib/thumb/v7e-m+fp/hard\libc_nano.a(libc_a-nano-vfprintf_i.o)
 .text          0x08003b44        0x0 C:/arm-gnu-toolchain-15.2.rel1-mingw-w64-i686-arm-none-eabi/bin/../lib/gcc/arm-none-eabi/15.2.1/../../../../arm-none-eabi/lib/thumb/v7e-m+fp/hard\libc_nano.a(libc_a-printf.o)
 .text          0x08003b44        0x0 C:/arm-gnu-toolchain-15.2.rel1-mingw-w64-i686-arm-none-eabi/bin/../lib/gcc/arm-none-eabi/15.2.1/../../../../arm-none-eabi/lib/thumb/v7e-m+fp/hard\libc_nano.a(libc_a-setvbuf.o)
 .text          0x08003b44        0x0 C:/arm-gnu-toolchain-15.2.rel1-mingw-w64-i686-arm-none-eabi/bin/../lib/gcc/arm-none-eabi/15.2.1/../../../../arm-none-eabi/lib/thumb/v7e-m+fp/hard\libc_nano.a(libc_a-vsprintf.o)
 .text          0x08003b44        0x0 C:/arm-gnu-toolchain-15.2.rel1-mingw-w64-i686-arm-none-eabi/bin/../lib/gcc/arm-none-eabi/15.2.1/../../../../arm-none-eabi/lib/thumb/v7e-m+fp/hard\libc_nano.a(libc_a-localeconv.o)
 .text          0x08003b44        0x0 C:/arm-gnu-toolchain-15.2.rel1-mingw-w64-i686-arm-none-eabi/bin/../lib/gcc/arm-none-eabi/15.2.1/../../../../arm-none-eabi/lib/thumb/v7e-m+fp/hard\libc_nano.a(libc_a-impure.o)
 .text          0x08003b44        0x0 C:/arm-gnu-toolchain-15.2.rel1-mingw-w64-i686-arm-none-eabi/bin/../lib/gcc/arm-none-eabi/15.2.1/../../../../arm-none-eabi/lib/thumb/v7e-m+fp/hard\libc_nano.a(libc_a-errno.o)
 .text          0x08003b44        0x0 C:/arm-gnu-toolchain-15.2.rel1-mingw-w64-i686-arm-none-eabi/bin/../lib/gcc/arm-none-eabi/15.2.1/../../../../arm-none-eabi/lib/thumb/v7e-m+fp/hard\libc_nano.a(libc_a-lock.o)
 *fill*         0x08003b44        0xc 
 .text          0x08003b50       0xa0 C:/arm-gnu-toolchain-15.2.rel1-mingw-w64-i686-arm-none-eabi/bin/../lib/gcc/arm-none-eabi/15.2.1/../../../../arm-none-eabi/lib/thumb/v7e-m+fp/hard\libc_nano.a(libc_a-memchr.o)
                0x08003b50                memchr
 .text          0x08003bf0       0x10 C:/arm-gnu-toolchain-15.2.rel1-mingw-w64-i686-arm-none-eabi/bin/../lib/gcc/arm-none-eabi/15.2.1/../../../../arm-none-eabi/lib/thumb/v7e-m+fp/hard\libc_nano.a(libc_a-strlen.o)
                0x08003bf0                strlen
 .text          0x08003c00        0x0 C:/arm-gnu-toolchain-15.2.rel1-mingw-w64-i686-arm-none-eabi/bin/../lib/gcc/arm-none-eabi/15.2.1/../../../../arm-none-eabi/lib/thumb/v7e-m+fp/hard\libc_nano.a(libc_a-dtoa.o)
 .text          0x08003c00        0x0 C:/arm-gnu-toolchain-15.2.rel1-mingw-w64-i686-arm-none-eabi/bin/../lib/gcc/arm-none-eabi/15.2.1/../../../../arm-none-eabi/lib/thumb/v7e-m+fp/hard\libc_nano.a(libc_a-freer.o)
 .text          0x08003c00        0x0 C:/arm-gnu-toolchain-15.2.rel1-mingw-w64-i686-arm-none-eabi/bin/../lib/gcc/arm-none-eabi/15.2.1/../../../../arm-none-eabi/lib/thumb/v7e-m+fp/hard\libc_nano.a(libc_a-malloc.o)
 .text          0x08003c00        0x0 C:/arm-gnu-toolchain-15.2.rel1-mingw-w64-i686-arm-none-eabi/bin/../lib/gcc/arm-none-eabi/15.2.1/../../../../arm-none-eabi/lib/thumb/v7e-m+fp/hard\libc_nano.a(libc_a-mallocr.o)
 .text          0x08003c00        0x0 C:/arm-gnu-toolchain-15.2.rel1-mingw-w64-i686-arm-none-eabi/bin/../lib/gcc/arm-none-eabi/15.2.1/../../../../arm-none-eabi/lib/thumb/v7e-m+fp/hard\libc_nano.a(libc_a-mlock.o)
 .text          0x08003c00        0x0 C:/arm-gnu-toolchain-15.2.rel1-mingw-w64-i686-arm-none-eabi/bin/../lib/gcc/arm-none-eabi/15.2.1/../../../../arm-none-eabi/lib/thumb/v7e-m+fp/hard\libc_nano.a(libc_a-mprec.o)
 .text          0x08003c00        0x0 C:/arm-gnu-toolchain-15.2.rel1-mingw-w64-i686-arm-none-eabi/bin/../lib/gcc/arm-none-eabi/15.2.1/../../../../arm-none-eabi/lib/thumb/v7e-m+fp/hard\libc_nano.a(libc_a-nano-svfprintf.o)
 .text          0x08003c00        0x0 C:/arm-gnu-toolchain-15.2.rel1-mingw-w64-i686-arm-none-eabi/bin/../lib/gcc/arm-none-eabi/15.2.1/../../../../arm-none-eabi/lib/thumb/v7e-m+fp/hard\libc_nano.a(libc_a-nano-vfprintf.o)
 .text          0x08003c00        0x0 C:/arm-gnu-toolchain-15.2.rel1-mingw-w64-i686-arm-none-eabi/bin/../lib/gcc/arm-none-eabi/15.2.1/../../../../arm-none-eabi/lib/thumb/v7e-m+fp/hard\libc_nano.a(libc_a-fflush.o)
 .text          0x08003c00        0x0 C:/arm-gnu-toolchain-15.2.rel1-mingw-w64-i686-arm-none-eabi/bin/../lib/gcc/arm-none-eabi/15.2.1/../../../../arm-none-eabi/lib/thumb/v7e-m+fp/hard\libc_nano.a(libc_a-findfp.o)
 .text          0x08003c00        0x0 C:/arm-gnu-toolchain-15.2.rel1-mingw-w64-i686-arm-none-eabi/bin/../lib/gcc/arm-none-eabi/15.2.1/../../../../arm-none-eabi/lib/thumb/v7e-m+fp/hard\libc_nano.a(libc_a-fvwrite.o)
 .text          0x08003c00        0x0 C:/arm-gnu-toolchain-15.2.rel1-mingw-w64-i686-arm-none-eabi/bin/../lib/gcc/arm-none-eabi/15.2.1/../../../../arm-none-eabi/lib/thumb/v7e-m+fp/hard\libc_nano.a(libc_a-fwalk.o)
 .text          0x08003c00        0x0 C:/arm-gnu-toolchain-15.2.rel1-mingw-w64-i686-arm-none-eabi/bin/../lib/gcc/arm-none-eabi/15.2.1/../../../../arm-none-eabi/lib/thumb/v7e-m+fp/hard\libc_nano.a(libc_a-makebuf.o)
 .text          0x08003c00        0x0 C:/arm-gnu-toolchain-15.2.rel1-mingw-w64-i686-arm-none-eabi/bin/../lib/gcc/arm-none-eabi/15.2.1/../../../../arm-none-eabi/lib/thumb/v7e-m+fp/hard\libc_nano.a(libc_a-stdio.o)
 .text          0x08003c00        0x0 C:/arm-gnu-toolchain-15.2.rel1-mingw-w64-i686-arm-none-eabi/bin/../lib/gcc/arm-none-eabi/15.2.1/../../../../arm-none-eabi/lib/thumb/v7e-m+fp/hard\libc_nano.a(libc_a-wbuf.o)
 .text          0x08003c00        0x0 C:/arm-gnu-toolchain-15.2.rel1-mingw-w64-i686-arm-none-eabi/bin/../lib/gcc/arm-none-eabi/15.2.1/../../../../arm-none-eabi/lib/thumb/v7e-m+fp/hard\libc_nano.a(libc_a-wsetup.o)
 .text          0x08003c00        0x0 C:/arm-gnu-toolchain-15.2.rel1-mingw-w64-i686-arm-none-eabi/bin/../lib/gcc/arm-none-eabi/15.2.1/../../../../arm-none-eabi/lib/thumb/v7e-m+fp/hard\libc_nano.a(libc_a-memmove.o)
 .text          0x08003c00        0x0 C:/arm-gnu-toolchain-15.2.rel1-mingw-w64-i686-arm-none-eabi/bin/../lib/gcc/arm-none-eabi/15.2.1/../../../../arm-none-eabi/lib/thumb/v7e-m+fp/hard\libc_nano.a(libc_a-memset.o)
 .text          0x08003c00        0x0 C:/arm-gnu-toolchain-15.2.rel1-mingw-w64-i686-arm-none-eabi/bin/../lib/gcc/arm-none-eabi/15.2.1/../../../../arm-none-eabi/lib/thumb/v7e-m+fp/hard\libc_nano.a(libc_a-locale.o)
 .text          0x08003c00        0x0 C:/arm-gnu-toolchain-15.2.rel1-mingw-w64-i686-arm-none-eabi/bin/../lib/gcc/arm-none-eabi/15.2.1/../../../../arm-none-eabi/lib/thumb/v7e-m+fp/hard\libc_nano.a(libc_a-closer.o)
 .text          0x08003c00        0x0 C:/arm-gnu-toolchain-15.2.rel1-mingw-w64-i686-arm-none-eabi/bin/../lib/gcc/arm-none-eabi/15.2.1/../../../../arm-none-eabi/lib/thumb/v7e-m+fp/hard\libc_nano.a(libc_a-reent.o)
 .text          0x08003c00        0x0 C:/arm-gnu-toolchain-15.2.rel1-mingw-w64-i686-arm-none-eabi/bin/../lib/gcc/arm-none-eabi/15.2.1/../../../../arm-none-eabi/lib/thumb/v7e-m+fp/hard\libc_nano.a(libc_a-fstatr.o)
 .text          0x08003c00        0x0 C:/arm-gnu-toolchain-15.2.rel1-mingw-w64-i686-arm-none-eabi/bin/../lib/gcc/arm-none-eabi/15.2.1/../../../../arm-none-eabi/lib/thumb/v7e-m+fp/hard\libc_nano.a(libc_a-isattyr.o)
 .text          0x08003c00        0x0 C:/arm-gnu-toolchain-15.2.rel1-mingw-w64-i686-arm-none-eabi/bin/../lib/gcc/arm-none-eabi/15.2.1/../../../../arm-none-eabi/lib/thumb/v7e-m+fp/hard\libc_nano.a(libc_a-lseekr.o)
 .text          0x08003c00        0x0 C:/arm-gnu-toolchain-15.2.rel1-mingw-w64-i686-arm-none-eabi/bin/../lib/gcc/arm-none-eabi/15.2.1/../../../../arm-none-eabi/lib/thumb/v7e-m+fp/hard\libc_nano.a(libc_a-readr.o)
 .text          0x08003c00        0x0 C:/arm-gnu-toolchain-15.2.rel1-mingw-w64-i686-arm-none-eabi/bin/../lib/gcc/arm-none-eabi/15.2.1/../../../../arm-none-eabi/lib/thumb/v7e-m+fp/hard\libc_nano.a(libc_a-sbrkr.o)
 .text          0x08003c00        0x0 C:/arm-gnu-toolchain-15.2.rel1-mingw-w64-i686-arm-none-eabi/bin/../lib/gcc/arm-none-eabi/15.2.1/../../../../arm-none-eabi/lib/thumb/v7e-m+fp/hard\libc_nano.a(libc_a-writer.o)
 .text          0x08003c00       0x14 C:/arm-gnu-toolchain-15.2.rel1-mingw-w64-i686-arm-none-eabi/bin/../lib/gcc/arm-none-eabi/15.2.1/../../../../arm-none-eabi/lib/thumb/v7e-m+fp/hard\libc_nano.a(libc_a-strcmp.o)
                0x08003c00                strcmp
 .text          0x08003c14        0x0 C:/arm-gnu-toolchain-15.2.rel1-mingw-w64-i686-arm-none-eabi/bin/../lib/gcc/arm-none-eabi/15.2.1/../../../../arm-none-eabi/lib/thumb/v7e-m+fp/hard\libc_nano.a(libc_a-memcpy-stub.o)
 .text          0x08003c14        0x0 C:/arm-gnu-toolchain-15.2.rel1-mingw-w64-i686-arm-none-eabi/bin/../lib/gcc/arm-none-eabi/15.2.1/../../../../arm-none-eabi/lib/thumb/v7e-m+fp/hard\libc_nano.a(libc_a-assert.o)
 .text          0x08003c14        0x0 C:/arm-gnu-toolchain-15.2.rel1-mingw-w64-i686-arm-none-eabi/bin/../lib/gcc/arm-none-eabi/15.2.1/../../../../arm-none-eabi/lib/thumb/v7e-m+fp/hard\libc_nano.a(libc_a-callocr.o)
 .text          0x08003c14        0x0 C:/arm-gnu-toolchain-15.2.rel1-mingw-w64-i686-arm-none-eabi/bin/../lib/gcc/arm-none-eabi/15.2.1/../../../../arm-none-eabi/lib/thumb/v7e-m+fp/hard\libc_nano.a(libc_a-mbtowc_r.o)
 .text          0x08003c14        0x0 C:/arm-gnu-toolchain-15.2.rel1-mingw-w64-i686-arm-none-eabi/bin/../lib/gcc/arm-none-eabi/15.2.1/../../../../arm-none-eabi/lib/thumb/v7e-m+fp/hard\libc_nano.a(libc_a-reallocr.o)
 .text          0x08003c14        0x0 C:/arm-gnu-toolchain-15.2.rel1-mingw-w64-i686-arm-none-eabi/bin/../lib/gcc/arm-none-eabi/15.2.1/../../../../arm-none-eabi/lib/thumb/v7e-m+fp/hard\libc_nano.a(libc_a-wctomb_r.o)
 .text          0x08003c14        0x0 C:/arm-gnu-toolchain-15.2.rel1-mingw-w64-i686-arm-none-eabi/bin/../lib/gcc/arm-none-eabi/15.2.1/../../../../arm-none-eabi/lib/thumb/v7e-m+fp/hard\libc_nano.a(libc_a-ctype_.o)
 .text          0x08003c14        0x0 C:/arm-gnu-toolchain-15.2.rel1-mingw-w64-i686-arm-none-eabi/bin/../lib/gcc/arm-none-eabi/15.2.1/../../../../arm-none-eabi/lib/thumb/v7e-m+fp/hard\libc_nano.a(libc_a-fprintf.o)
 .text          0x08003c14        0x0 C:/arm-gnu-toolchain-15.2.rel1-mingw-w64-i686-arm-none-eabi/bin/../lib/gcc/arm-none-eabi/15.2.1/../../../../arm-none-eabi/lib/thumb/v7e-m+fp/hard\libc_nano.a(libc_a-abort.o)
 .text          0x08003c14        0x0 C:/arm-gnu-toolchain-15.2.rel1-mingw-w64-i686-arm-none-eabi/bin/../lib/gcc/arm-none-eabi/15.2.1/../../../../arm-none-eabi/lib/thumb/v7e-m+fp/hard\libc_nano.a(libc_a-msizer.o)
 .text          0x08003c14        0x0 C:/arm-gnu-toolchain-15.2.rel1-mingw-w64-i686-arm-none-eabi/bin/../lib/gcc/arm-none-eabi/15.2.1/../../../../arm-none-eabi/lib/thumb/v7e-m+fp/hard\libc_nano.a(libc_a-signal.o)
 .text          0x08003c14        0x0 C:/arm-gnu-toolchain-15.2.rel1-mingw-w64-i686-arm-none-eabi/bin/../lib/gcc/arm-none-eabi/15.2.1/../../../../arm-none-eabi/lib/thumb/v7e-m+fp/hard\libc_nano.a(libc_a-signalr.o)
 .text          0x08003c14      0x254 C:/arm-gnu-toolchain-15.2.rel1-mingw-w64-i686-arm-none-eabi/bin/../lib/gcc/arm-none-eabi/15.2.1/thumb/v7e-m+fp/hard\libgcc.a(_arm_muldf3.o)
 .text          0x08003e68      0x378 C:/arm-gnu-toolchain-15.2.rel1-mingw-w64-i686-arm-none-eabi/bin/../lib/gcc/arm-none-eabi/15.2.1/thumb/v7e-m+fp/hard\libgcc.a(_arm_addsubdf3.o)
                0x08003e68                __aeabi_drsub
                0x08003e70                __aeabi_dsub
                0x08003e70                __subdf3
                0x08003e74                __aeabi_dadd
                0x08003e74                __adddf3
                0x080040ec                __floatunsidf
                0x080040ec                __aeabi_ui2d
                0x0800410c                __floatsidf
                0x0800410c                __aeabi_i2d
                0x08004130                __aeabi_f2d
                0x08004130                __extendsfdf2
                0x08004174                __floatundidf
                0x08004174                __aeabi_ul2d
                0x08004184                __floatdidf
                0x08004184                __aeabi_l2d
 .text          0x080041e0      0x424 C:/arm-gnu-toolchain-15.2.rel1-mingw-w64-i686-arm-none-eabi/bin/../lib/gcc/arm-none-eabi/15.2.1/thumb/v7e-m+fp/hard\libgcc.a(_arm_muldivdf3.o)
                0x080041e0                __aeabi_dmul
                0x080041e0                __muldf3
                0x08004434                __divdf3
                0x08004434                __aeabi_ddiv
 .text          0x08004604      0x110 C:/arm-gnu-toolchain-15.2.rel1-mingw-w64-i686-arm-none-eabi/bin/../lib/gcc/arm-none-eabi/15.2.1/thumb/v7e-m+fp/hard\libgcc.a(_arm_cmpdf2.o)
                0x08004604                __gtdf2
                0x08004604                __gedf2
                0x0800460c                __ltdf2
                0x0800460c                __ledf2
                0x08004614                __nedf2
                0x08004614                __eqdf2
                0x08004614                __cmpdf2
                0x08004690                __aeabi_cdrcmple
                0x080046a0                __aeabi_cdcmpeq
                0x080046a0                __aeabi_cdcmple
                0x080046b0                __aeabi_dcmpeq
                0x080046c4                __aeabi_dcmplt
                0x080046d8                __aeabi_dcmple
                0x080046ec                __aeabi_dcmpge
                0x08004700                __aeabi_dcmpgt
 .text          0x08004714       0x2c C:/arm-gnu-toolchain-15.2.rel1-mingw-w64-i686-arm-none-eabi/bin/../lib/gcc/arm-none-eabi/15.2.1/thumb/v7e-m+fp/hard\libgcc.a(_arm_unorddf2.o)
                0x08004714                __unorddf2
                0x08004714                __aeabi_dcmpun
 .text          0x08004740       0x50 C:/arm-gnu-toolchain-15.2.rel1-mingw-w64-i686-arm-none-eabi/bin/../lib/gcc/arm-none-eabi/15.2.1/thumb/v7e-m+fp/hard\libgcc.a(_arm_fixdfsi.o)
                0x08004740                __aeabi_d2iz
                0x08004740                __fixdfsi
 .text          0x08004790       0x40 C:/arm-gnu-toolchain-15.2.rel1-mingw-w64-i686-arm-none-eabi/bin/../lib/gcc/arm-none-eabi/15.2.1/thumb/v7e-m+fp/hard\libgcc.a(_arm_fixunsdfsi.o)
                0x08004790                __aeabi_d2uiz
                0x08004790                __fixunsdfsi
 .text          0x080047d0        0x0 C:/arm-gnu-toolchain-15.2.rel1-mingw-w64-i686-arm-none-eabi/bin/../lib/gcc/arm-none-eabi/15.2.1/../../../../arm-none-eabi/lib/thumb/v7e-m+fp/hard\libnosys.a(_exit.o)
 *(.text.*)
 .text.abs      0x080047d0        0x8 C:/arm-gnu-toolchain-15.2.rel1-mingw-w64-i686-arm-none-eabi/bin/../lib/gcc/arm-none-eabi/15.2.1/../../../../arm-none-eabi/lib/thumb/v7e-m+fp/hard\libc_nano.a(libc_a-abs.o)
                0x080047d0                abs
 .text.__cvt    0x080047d8       0xbe C:/arm-gnu-toolchain-15.2.rel1-mingw-w64-i686-arm-none-eabi/bin/../lib/gcc/arm-none-eabi/15.2.1/../../../../arm-none-eabi/lib/thumb/v7e-m+fp/hard\libc_nano.a(libc_a-nano-vfprintf_float.o)
                0x080047d8                __cvt
 .text.__exponent
                0x08004896       0x76 C:/arm-gnu-toolchain-15.2.rel1-mingw-w64-i686-arm-none-eabi/bin/../lib/gcc/arm-none-eabi/15.2.1/../../../../arm-none-eabi/lib/thumb/v7e-m+fp/hard\libc_nano.a(libc_a-nano-vfprintf_float.o)
                0x08004896                __exponent
 .text._printf_float
                0x0800490c      0x448 C:/arm-gnu-toolchain-15.2.rel1-mingw-w64-i686-arm-none-eabi/bin/../lib/gcc/arm-none-eabi/15.2.1/../../../../arm-none-eabi/lib/thumb/v7e-m+fp/hard\libc_nano.a(libc_a-nano-vfprintf_float.o)
                0x0800490c                _printf_float
 .text._printf_common
                0x08004d54       0xea C:/arm-gnu-toolchain-15.2.rel1-mingw-w64-i686-arm-none-eabi/bin/../lib/gcc/arm-none-eabi/15.2.1/../../../../arm-none-eabi/lib/thumb/v7e-m+fp/hard\libc_nano.a(libc_a-nano-vfprintf_i.o)
                0x08004d54                _printf_common
 *fill*         0x08004e3e        0x2 
 .text._printf_i
                0x08004e40      0x254 C:/arm-gnu-toolchain-15.2.rel1-mingw-w64-i686-arm-none-eabi/bin/../lib/gcc/arm-none-eabi/15.2.1/../../../../arm-none-eabi/lib/thumb/v7e-m+fp/hard\libc_nano.a(libc_a-nano-vfprintf_i.o)
                0x08004e40                _printf_i
 .text._printf_r
                0x08005094       0x1c C:/arm-gnu-toolchain-15.2.rel1-mingw-w64-i686-arm-none-eabi/bin/../lib/gcc/arm-none-eabi/15.2.1/../../../../arm-none-eabi/lib/thumb/v7e-m+fp/hard\libc_nano.a(libc_a-printf.o)
                0x08005094                _iprintf_r
                0x08005094                _printf_r
 .text.printf   0x080050b0       0x24 C:/arm-gnu-toolchain-15.2.rel1-mingw-w64-i686-arm-none-eabi/bin/../lib/gcc/arm-none-eabi/15.2.1/../../../../arm-none-eabi/lib/thumb/v7e-m+fp/hard\libc_nano.a(libc_a-printf.o)
                0x080050b0                iprintf
                0x080050b0                printf
 .text.setvbuf  0x080050d4      0x168 C:/arm-gnu-toolchain-15.2.rel1-mingw-w64-i686-arm-none-eabi/bin/../lib/gcc/arm-none-eabi/15.2.1/../../../../arm-none-eabi/lib/thumb/v7e-m+fp/hard\libc_nano.a(libc_a-setvbuf.o)
                0x080050d4                setvbuf
 .text._vsprintf_r
                0x0800523c       0x2c C:/arm-gnu-toolchain-15.2.rel1-mingw-w64-i686-arm-none-eabi/bin/../lib/gcc/arm-none-eabi/15.2.1/../../../../arm-none-eabi/lib/thumb/v7e-m+fp/hard\libc_nano.a(libc_a-vsprintf.o)
                0x0800523c                _vsprintf_r
                0x0800523c                _vsiprintf_r
 .text.vsprintf
                0x08005268       0x14 C:/arm-gnu-toolchain-15.2.rel1-mingw-w64-i686-arm-none-eabi/bin/../lib/gcc/arm-none-eabi/15.2.1/../../../../arm-none-eabi/lib/thumb/v7e-m+fp/hard\libc_nano.a(libc_a-vsprintf.o)
                0x08005268                vsiprintf
                0x08005268                vsprintf
 .text.__localeconv_l
                0x0800527c        0x4 C:/arm-gnu-toolchain-15.2.rel1-mingw-w64-i686-arm-none-eabi/bin/../lib/gcc/arm-none-eabi/15.2.1/../../../../arm-none-eabi/lib/thumb/v7e-m+fp/hard\libc_nano.a(libc_a-localeconv.o)
                0x0800527c                __localeconv_l
 .text._localeconv_r
                0x08005280        0x8 C:/arm-gnu-toolchain-15.2.rel1-mingw-w64-i686-arm-none-eabi/bin/../lib/gcc/arm-none-eabi/15.2.1/../../../../arm-none-eabi/lib/thumb/v7e-m+fp/hard\libc_nano.a(libc_a-localeconv.o)
                0x08005280                _localeconv_r
 .text.localeconv
                0x08005288        0x8 C:/arm-gnu-toolchain-15.2.rel1-mingw-w64-i686-arm-none-eabi/bin/../lib/gcc/arm-none-eabi/15.2.1/../../../../arm-none-eabi/lib/thumb/v7e-m+fp/hard\libc_nano.a(libc_a-localeconv.o)
                0x08005288                localeconv
 .text.__errno  0x08005290        0xc C:/arm-gnu-toolchain-15.2.rel1-mingw-w64-i686-arm-none-eabi/bin/../lib/gcc/arm-none-eabi/15.2.1/../../../../arm-none-eabi/lib/thumb/v7e-m+fp/hard\libc_nano.a(libc_a-errno.o)
                0x08005290                __errno
 .text.__retarget_lock_init
                0x0800529c        0x2 C:/arm-gnu-toolchain-15.2.rel1-mingw-w64-i686-arm-none-eabi/bin/../lib/gcc/arm-none-eabi/15.2.1/../../../../arm-none-eabi/lib/thumb/v7e-m+fp/hard\libc_nano.a(libc_a-lock.o)
                0x0800529c                __retarget_lock_init
 .text.__retarget_lock_init_recursive
                0x0800529e        0x2 C:/arm-gnu-toolchain-15.2.rel1-mingw-w64-i686-arm-none-eabi/bin/../lib/gcc/arm-none-eabi/15.2.1/../../../../arm-none-eabi/lib/thumb/v7e-m+fp/hard\libc_nano.a(libc_a-lock.o)
                0x0800529e                __retarget_lock_init_recursive
 .text.__retarget_lock_close
                0x080052a0        0x2 C:/arm-gnu-toolchain-15.2.rel1-mingw-w64-i686-arm-none-eabi/bin/../lib/gcc/arm-none-eabi/15.2.1/../../../../arm-none-eabi/lib/thumb/v7e-m+fp/hard\libc_nano.a(libc_a-lock.o)
                0x080052a0                __retarget_lock_close
 .text.__retarget_lock_close_recursive
                0x080052a2        0x2 C:/arm-gnu-toolchain-15.2.rel1-mingw-w64-i686-arm-none-eabi/bin/../lib/gcc/arm-none-eabi/15.2.1/../../../../arm-none-eabi/lib/thumb/v7e-m+fp/hard\libc_nano.a(libc_a-lock.o)
                0x080052a2                __retarget_lock_close_recursive
 .text.__retarget_lock_acquire
                0x080052a4        0x2 C:/arm-gnu-toolchain-15.2.rel1-mingw-w64-i686-arm-none-eabi/bin/../lib/gcc/arm-none-eabi/15.2.1/../../../../arm-none-eabi/lib/thumb/v7e-m+fp/hard\libc_nano.a(libc_a-lock.o)
                0x080052a4                __retarget_lock_acquire
 .text.__retarget_lock_acquire_recursive
                0x080052a6        0x2 C:/arm-gnu-toolchain-15.2.rel1-mingw-w64-i686-arm-none-eabi/bin/../lib/gcc/arm-none-eabi/15.2.1/../../../../arm-none-eabi/lib/thumb/v7e-m+fp/hard\libc_nano.a(libc_a-lock.o)
                0x080052a6                __retarget_lock_acquire_recursive
 .text.__retarget_lock_try_acquire
                0x080052a8        0x4 C:/arm-gnu-toolchain-15.2.rel1-mingw-w64-i686-arm-none-eabi/bin/../lib/gcc/arm-none-eabi/15.2.1/../../../../arm-none-eabi/lib/thumb/v7e-m+fp/hard\libc_nano.a(libc_a-lock.o)
                0x080052a8                __retarget_lock_try_acquire
 .text.__retarget_lock_try_acquire_recursive
                0x080052ac        0x4 C:/arm-gnu-toolchain-15.2.rel1-mingw-w64-i686-arm-none-eabi/bin/../lib/gcc/arm-none-eabi/15.2.1/../../../../arm-none-eabi/lib/thumb/v7e-m+fp/hard\libc_nano.a(libc_a-lock.o)
                0x080052ac                __retarget_lock_try_acquire_recursive
 .text.__retarget_lock_release
                0x080052b0        0x2 C:/arm-gnu-toolchain-15.2.rel1-mingw-w64-i686-arm-none-eabi/bin/../lib/gcc/arm-none-eabi/15.2.1/../../../../arm-none-eabi/lib/thumb/v7e-m+fp/hard\libc_nano.a(libc_a-lock.o)
                0x080052b0                __retarget_lock_release
 .text.__retarget_lock_release_recursive
                0x080052b2        0x2 C:/arm-gnu-toolchain-15.2.rel1-mingw-w64-i686-arm-none-eabi/bin/../lib/gcc/arm-none-eabi/15.2.1/../../../../arm-none-eabi/lib/thumb/v7e-m+fp/hard\libc_nano.a(libc_a-lock.o)
                0x080052b2                __retarget_lock_release_recursive
 .text.quorem   0x080052b4      0x110 C:/arm-gnu-toolchain-15.2.rel1-mingw-w64-i686-arm-none-eabi/bin/../lib/gcc/arm-none-eabi/15.2.1/../../../../arm-none-eabi/lib/thumb/v7e-m+fp/hard\libc_nano.a(libc_a-dtoa.o)
 *fill*         0x080053c4        0x4 
 .text._dtoa_r  0x080053c8      0xbac C:/arm-gnu-toolchain-15.2.rel1-mingw-w64-i686-arm-none-eabi/bin/../lib/gcc/arm-none-eabi/15.2.1/../../../../arm-none-eabi/lib/thumb/v7e-m+fp/hard\libc_nano.a(libc_a-dtoa.o)
                0x080053c8                _dtoa_r
 .text._free_r  0x08005f74       0x98 C:/arm-gnu-toolchain-15.2.rel1-mingw-w64-i686-arm-none-eabi/bin/../lib/gcc/arm-none-eabi/15.2.1/../../../../arm-none-eabi/lib/thumb/v7e-m+fp/hard\libc_nano.a(libc_a-freer.o)
                0x08005f74                _free_r
 .text.malloc   0x0800600c       0x10 C:/arm-gnu-toolchain-15.2.rel1-mingw-w64-i686-arm-none-eabi/bin/../lib/gcc/arm-none-eabi/15.2.1/../../../../arm-none-eabi/lib/thumb/v7e-m+fp/hard\libc_nano.a(libc_a-malloc.o)
                0x0800600c                malloc
 .text.free     0x0800601c       0x10 C:/arm-gnu-toolchain-15.2.rel1-mingw-w64-i686-arm-none-eabi/bin/../lib/gcc/arm-none-eabi/15.2.1/../../../../arm-none-eabi/lib/thumb/v7e-m+fp/hard\libc_nano.a(libc_a-malloc.o)
                0x0800601c                free
 .text.sbrk_aligned
                0x0800602c       0x44 C:/arm-gnu-toolchain-15.2.rel1-mingw-w64-i686-arm-none-eabi/bin/../lib/gcc/arm-none-eabi/15.2.1/../../../../arm-none-eabi/lib/thumb/v7e-m+fp/hard\libc_nano.a(libc_a-mallocr.o)
 .text._malloc_r
                0x08006070       0xf8 C:/arm-gnu-toolchain-15.2.rel1-mingw-w64-i686-arm-none-eabi/bin/../lib/gcc/arm-none-eabi/15.2.1/../../../../arm-none-eabi/lib/thumb/v7e-m+fp/hard\libc_nano.a(libc_a-mallocr.o)
                0x08006070                _malloc_r
 .text.__malloc_lock
                0x08006168        0xc C:/arm-gnu-toolchain-15.2.rel1-mingw-w64-i686-arm-none-eabi/bin/../lib/gcc/arm-none-eabi/15.2.1/../../../../arm-none-eabi/lib/thumb/v7e-m+fp/hard\libc_nano.a(libc_a-mlock.o)
                0x08006168                __malloc_lock
 .text.__malloc_unlock
                0x08006174        0xc C:/arm-gnu-toolchain-15.2.rel1-mingw-w64-i686-arm-none-eabi/bin/../lib/gcc/arm-none-eabi/15.2.1/../../../../arm-none-eabi/lib/thumb/v7e-m+fp/hard\libc_nano.a(libc_a-mlock.o)
                0x08006174                __malloc_unlock
 .text._Balloc  0x08006180       0x7c C:/arm-gnu-toolchain-15.2.rel1-mingw-w64-i686-arm-none-eabi/bin/../lib/gcc/arm-none-eabi/15.2.1/../../../../arm-none-eabi/lib/thumb/v7e-m+fp/hard\libc_nano.a(libc_a-mprec.o)
                0x08006180                _Balloc
 .text._Bfree   0x080061fc       0x44 C:/arm-gnu-toolchain-15.2.rel1-mingw-w64-i686-arm-none-eabi/bin/../lib/gcc/arm-none-eabi/15.2.1/../../../../arm-none-eabi/lib/thumb/v7e-m+fp/hard\libc_nano.a(libc_a-mprec.o)
                0x080061fc                _Bfree
 .text.__multadd
                0x08006240       0x8c C:/arm-gnu-toolchain-15.2.rel1-mingw-w64-i686-arm-none-eabi/bin/../lib/gcc/arm-none-eabi/15.2.1/../../../../arm-none-eabi/lib/thumb/v7e-m+fp/hard\libc_nano.a(libc_a-mprec.o)
                0x08006240                __multadd
 .text.__s2b    0x080062cc       0x94 C:/arm-gnu-toolchain-15.2.rel1-mingw-w64-i686-arm-none-eabi/bin/../lib/gcc/arm-none-eabi/15.2.1/../../../../arm-none-eabi/lib/thumb/v7e-m+fp/hard\libc_nano.a(libc_a-mprec.o)
                0x080062cc                __s2b
 .text.__hi0bits
                0x08006360       0x3c C:/arm-gnu-toolchain-15.2.rel1-mingw-w64-i686-arm-none-eabi/bin/../lib/gcc/arm-none-eabi/15.2.1/../../../../arm-none-eabi/lib/thumb/v7e-m+fp/hard\libc_nano.a(libc_a-mprec.o)
                0x08006360                __hi0bits
 .text.__lo0bits
                0x0800639c       0x5c C:/arm-gnu-toolchain-15.2.rel1-mingw-w64-i686-arm-none-eabi/bin/../lib/gcc/arm-none-eabi/15.2.1/../../../../arm-none-eabi/lib/thumb/v7e-m+fp/hard\libc_nano.a(libc_a-mprec.o)
                0x0800639c                __lo0bits
 .text.__i2b    0x080063f8       0x2c C:/arm-gnu-toolchain-15.2.rel1-mingw-w64-i686-arm-none-eabi/bin/../lib/gcc/arm-none-eabi/15.2.1/../../../../arm-none-eabi/lib/thumb/v7e-m+fp/hard\libc_nano.a(libc_a-mprec.o)
                0x080063f8                __i2b
 .text.__multiply
                0x08006424      0x16c C:/arm-gnu-toolchain-15.2.rel1-mingw-w64-i686-arm-none-eabi/bin/../lib/gcc/arm-none-eabi/15.2.1/../../../../arm-none-eabi/lib/thumb/v7e-m+fp/hard\libc_nano.a(libc_a-mprec.o)
                0x08006424                __multiply
 .text.__pow5mult
                0x08006590       0xb8 C:/arm-gnu-toolchain-15.2.rel1-mingw-w64-i686-arm-none-eabi/bin/../lib/gcc/arm-none-eabi/15.2.1/../../../../arm-none-eabi/lib/thumb/v7e-m+fp/hard\libc_nano.a(libc_a-mprec.o)
                0x08006590                __pow5mult
 .text.__lshift
                0x08006648       0xe4 C:/arm-gnu-toolchain-15.2.rel1-mingw-w64-i686-arm-none-eabi/bin/../lib/gcc/arm-none-eabi/15.2.1/../../../../arm-none-eabi/lib/thumb/v7e-m+fp/hard\libc_nano.a(libc_a-mprec.o)
                0x08006648                __lshift
 .text.__mcmp   0x0800672c       0x36 C:/arm-gnu-toolchain-15.2.rel1-mingw-w64-i686-arm-none-eabi/bin/../lib/gcc/arm-none-eabi/15.2.1/../../../../arm-none-eabi/lib/thumb/v7e-m+fp/hard\libc_nano.a(libc_a-mprec.o)
                0x0800672c                __mcmp
 *fill*         0x08006762        0x2 
 .text.__mdiff  0x08006764      0x130 C:/arm-gnu-toolchain-15.2.rel1-mingw-w64-i686-arm-none-eabi/bin/../lib/gcc/arm-none-eabi/15.2.1/../../../../arm-none-eabi/lib/thumb/v7e-m+fp/hard\libc_nano.a(libc_a-mprec.o)
                0x08006764                __mdiff
 .text.__ulp    0x08006894       0x4c C:/arm-gnu-toolchain-15.2.rel1-mingw-w64-i686-arm-none-eabi/bin/../lib/gcc/arm-none-eabi/15.2.1/../../../../arm-none-eabi/lib/thumb/v7e-m+fp/hard\libc_nano.a(libc_a-mprec.o)
                0x08006894                __ulp
 .text.__b2d    0x080068e0       0x92 C:/arm-gnu-toolchain-15.2.rel1-mingw-w64-i686-arm-none-eabi/bin/../lib/gcc/arm-none-eabi/15.2.1/../../../../arm-none-eabi/lib/thumb/v7e-m+fp/hard\libc_nano.a(libc_a-mprec.o)
                0x080068e0                __b2d
 *fill*         0x08006972        0x2 
 .text.__d2b    0x08006974       0xb0 C:/arm-gnu-toolchain-15.2.rel1-mingw-w64-i686-arm-none-eabi/bin/../lib/gcc/arm-none-eabi/15.2.1/../../../../arm-none-eabi/lib/thumb/v7e-m+fp/hard\libc_nano.a(libc_a-mprec.o)
                0x08006974                __d2b
 .text.__ratio  0x08006a24       0x62 C:/arm-gnu-toolchain-15.2.rel1-mingw-w64-i686-arm-none-eabi/bin/../lib/gcc/arm-none-eabi/15.2.1/../../../../arm-none-eabi/lib/thumb/v7e-m+fp/hard\libc_nano.a(libc_a-mprec.o)
                0x08006a24                __ratio
 *fill*         0x08006a86        0x2 
 .text._mprec_log10
                0x08006a88       0x3c C:/arm-gnu-toolchain-15.2.rel1-mingw-w64-i686-arm-none-eabi/bin/../lib/gcc/arm-none-eabi/15.2.1/../../../../arm-none-eabi/lib/thumb/v7e-m+fp/hard\libc_nano.a(libc_a-mprec.o)
                0x08006a88                _mprec_log10
 .text.__copybits
                0x08006ac4       0x46 C:/arm-gnu-toolchain-15.2.rel1-mingw-w64-i686-arm-none-eabi/bin/../lib/gcc/arm-none-eabi/15.2.1/../../../../arm-none-eabi/lib/thumb/v7e-m+fp/hard\libc_nano.a(libc_a-mprec.o)
                0x08006ac4                __copybits
 .text.__any_on
                0x08006b0a       0x42 C:/arm-gnu-toolchain-15.2.rel1-mingw-w64-i686-arm-none-eabi/bin/../lib/gcc/arm-none-eabi/15.2.1/../../../../arm-none-eabi/lib/thumb/v7e-m+fp/hard\libc_nano.a(libc_a-mprec.o)
                0x08006b0a                __any_on
 .text.__ssputs_r
                0x08006b4c       0xc0 C:/arm-gnu-toolchain-15.2.rel1-mingw-w64-i686-arm-none-eabi/bin/../lib/gcc/arm-none-eabi/15.2.1/../../../../arm-none-eabi/lib/thumb/v7e-m+fp/hard\libc_nano.a(libc_a-nano-svfprintf.o)
                0x08006b4c                __ssputs_r
 .text.__ssprint_r
                0x08006c0c       0xf4 C:/arm-gnu-toolchain-15.2.rel1-mingw-w64-i686-arm-none-eabi/bin/../lib/gcc/arm-none-eabi/15.2.1/../../../../arm-none-eabi/lib/thumb/v7e-m+fp/hard\libc_nano.a(libc_a-nano-svfprintf.o)
                0x08006c0c                __ssprint_r
 .text._svfprintf_r
                0x08006d00      0x1f0 C:/arm-gnu-toolchain-15.2.rel1-mingw-w64-i686-arm-none-eabi/bin/../lib/gcc/arm-none-eabi/15.2.1/../../../../arm-none-eabi/lib/thumb/v7e-m+fp/hard\libc_nano.a(libc_a-nano-svfprintf.o)
                0x08006d00                _svfiprintf_r
                0x08006d00                _svfprintf_r
 .text.__sfputc_r
                0x08006ef0       0x2a C:/arm-gnu-toolchain-15.2.rel1-mingw-w64-i686-arm-none-eabi/bin/../lib/gcc/arm-none-eabi/15.2.1/../../../../arm-none-eabi/lib/thumb/v7e-m+fp/hard\libc_nano.a(libc_a-nano-vfprintf.o)
 .text.__sfputs_r
                0x08006f1a       0x24 C:/arm-gnu-toolchain-15.2.rel1-mingw-w64-i686-arm-none-eabi/bin/../lib/gcc/arm-none-eabi/15.2.1/../../../../arm-none-eabi/lib/thumb/v7e-m+fp/hard\libc_nano.a(libc_a-nano-vfprintf.o)
                0x08006f1a                __sfputs_r
 .text.__sprint_r
                0x08006f3e       0x1a C:/arm-gnu-toolchain-15.2.rel1-mingw-w64-i686-arm-none-eabi/bin/../lib/gcc/arm-none-eabi/15.2.1/../../../../arm-none-eabi/lib/thumb/v7e-m+fp/hard\libc_nano.a(libc_a-nano-vfprintf.o)
                0x08006f3e                __sprint_r
 .text._vfprintf_r
                0x08006f58      0x228 C:/arm-gnu-toolchain-15.2.rel1-mingw-w64-i686-arm-none-eabi/bin/../lib/gcc/arm-none-eabi/15.2.1/../../../../arm-none-eabi/lib/thumb/v7e-m+fp/hard\libc_nano.a(libc_a-nano-vfprintf.o)
                0x08006f58                _vfprintf_r
                0x08006f58                _vfiprintf_r
 .text.vfprintf
                0x08007180       0x14 C:/arm-gnu-toolchain-15.2.rel1-mingw-w64-i686-arm-none-eabi/bin/../lib/gcc/arm-none-eabi/15.2.1/../../../../arm-none-eabi/lib/thumb/v7e-m+fp/hard\libc_nano.a(libc_a-nano-vfprintf.o)
                0x08007180                vfprintf
                0x08007180                vfiprintf
 .text.__sflush_r
                0x08007194      0x100 C:/arm-gnu-toolchain-15.2.rel1-mingw-w64-i686-arm-none-eabi/bin/../lib/gcc/arm-none-eabi/15.2.1/../../../../arm-none-eabi/lib/thumb/v7e-m+fp/hard\libc_nano.a(libc_a-fflush.o)
                0x08007194                __sflush_r
 .text._fflush_r
                0x08007294       0x50 C:/arm-gnu-toolchain-15.2.rel1-mingw-w64-i686-arm-none-eabi/bin/../lib/gcc/arm-none-eabi/15.2.1/../../../../arm-none-eabi/lib/thumb/v7e-m+fp/hard\libc_nano.a(libc_a-fflush.o)
                0x08007294                _fflush_r
 .text.fflush   0x080072e4       0x28 C:/arm-gnu-toolchain-15.2.rel1-mingw-w64-i686-arm-none-eabi/bin/../lib/gcc/arm-none-eabi/15.2.1/../../../../arm-none-eabi/lib/thumb/v7e-m+fp/hard\libc_nano.a(libc_a-fflush.o)
                0x080072e4                fflush
 .text.std      0x0800730c       0x6c C:/arm-gnu-toolchain-15.2.rel1-mingw-w64-i686-arm-none-eabi/bin/../lib/gcc/arm-none-eabi/15.2.1/../../../../arm-none-eabi/lib/thumb/v7e-m+fp/hard\libc_nano.a(libc_a-findfp.o)
 .text.stdio_exit_handler
                0x08007378       0x18 C:/arm-gnu-toolchain-15.2.rel1-mingw-w64-i686-arm-none-eabi/bin/../lib/gcc/arm-none-eabi/15.2.1/../../../../arm-none-eabi/lib/thumb/v7e-m+fp/hard\libc_nano.a(libc_a-findfp.o)
 .text.cleanup_stdio
                0x08007390       0x40 C:/arm-gnu-toolchain-15.2.rel1-mingw-w64-i686-arm-none-eabi/bin/../lib/gcc/arm-none-eabi/15.2.1/../../../../arm-none-eabi/lib/thumb/v7e-m+fp/hard\libc_nano.a(libc_a-findfp.o)
 .text.__fp_lock
                0x080073d0       0x18 C:/arm-gnu-toolchain-15.2.rel1-mingw-w64-i686-arm-none-eabi/bin/../lib/gcc/arm-none-eabi/15.2.1/../../../../arm-none-eabi/lib/thumb/v7e-m+fp/hard\libc_nano.a(libc_a-findfp.o)
 .text.__fp_unlock
                0x080073e8       0x18 C:/arm-gnu-toolchain-15.2.rel1-mingw-w64-i686-arm-none-eabi/bin/../lib/gcc/arm-none-eabi/15.2.1/../../../../arm-none-eabi/lib/thumb/v7e-m+fp/hard\libc_nano.a(libc_a-findfp.o)
 .text.global_stdio_init.part.0
                0x08007400       0x40 C:/arm-gnu-toolchain-15.2.rel1-mingw-w64-i686-arm-none-eabi/bin/../lib/gcc/arm-none-eabi/15.2.1/../../../../arm-none-eabi/lib/thumb/v7e-m+fp/hard\libc_nano.a(libc_a-findfp.o)
 .text.__sfp_lock_acquire
                0x08007440        0xc C:/arm-gnu-toolchain-15.2.rel1-mingw-w64-i686-arm-none-eabi/bin/../lib/gcc/arm-none-eabi/15.2.1/../../../../arm-none-eabi/lib/thumb/v7e-m+fp/hard\libc_nano.a(libc_a-findfp.o)
                0x08007440                __sfp_lock_acquire
 .text.__sfp_lock_release
                0x0800744c        0xc C:/arm-gnu-toolchain-15.2.rel1-mingw-w64-i686-arm-none-eabi/bin/../lib/gcc/arm-none-eabi/15.2.1/../../../../arm-none-eabi/lib/thumb/v7e-m+fp/hard\libc_nano.a(libc_a-findfp.o)
                0x0800744c                __sfp_lock_release
 .text.__sfp    0x08007458       0xa4 C:/arm-gnu-toolchain-15.2.rel1-mingw-w64-i686-arm-none-eabi/bin/../lib/gcc/arm-none-eabi/15.2.1/../../../../arm-none-eabi/lib/thumb/v7e-m+fp/hard\libc_nano.a(libc_a-findfp.o)
                0x08007458                __sfp
 .text.__sinit  0x080074fc       0x30 C:/arm-gnu-toolchain-15.2.rel1-mingw-w64-i686-arm-none-eabi/bin/../lib/gcc/arm-none-eabi/15.2.1/../../../../arm-none-eabi/lib/thumb/v7e-m+fp/hard\libc_nano.a(libc_a-findfp.o)
                0x080074fc                __sinit
 .text.__fp_lock_all
                0x0800752c       0x1c C:/arm-gnu-toolchain-15.2.rel1-mingw-w64-i686-arm-none-eabi/bin/../lib/gcc/arm-none-eabi/15.2.1/../../../../arm-none-eabi/lib/thumb/v7e-m+fp/hard\libc_nano.a(libc_a-findfp.o)
                0x0800752c                __fp_lock_all
 .text.__fp_unlock_all
                0x08007548       0x1c C:/arm-gnu-toolchain-15.2.rel1-mingw-w64-i686-arm-none-eabi/bin/../lib/gcc/arm-none-eabi/15.2.1/../../../../arm-none-eabi/lib/thumb/v7e-m+fp/hard\libc_nano.a(libc_a-findfp.o)
                0x08007548                __fp_unlock_all
 .text.__sfvwrite_r
                0x08007564      0x2a0 C:/arm-gnu-toolchain-15.2.rel1-mingw-w64-i686-arm-none-eabi/bin/../lib/gcc/arm-none-eabi/15.2.1/../../../../arm-none-eabi/lib/thumb/v7e-m+fp/hard\libc_nano.a(libc_a-fvwrite.o)
                0x08007564                __sfvwrite_r
 .text._fwalk_sglue
                0x08007804       0x3a C:/arm-gnu-toolchain-15.2.rel1-mingw-w64-i686-arm-none-eabi/bin/../lib/gcc/arm-none-eabi/15.2.1/../../../../arm-none-eabi/lib/thumb/v7e-m+fp/hard\libc_nano.a(libc_a-fwalk.o)
                0x08007804                _fwalk_sglue
 .text.__swhatbuf_r
                0x0800783e       0x48 C:/arm-gnu-toolchain-15.2.rel1-mingw-w64-i686-arm-none-eabi/bin/../lib/gcc/arm-none-eabi/15.2.1/../../../../arm-none-eabi/lib/thumb/v7e-m+fp/hard\libc_nano.a(libc_a-makebuf.o)
                0x0800783e                __swhatbuf_r
 .text.__smakebuf_r
                0x08007886       0x72 C:/arm-gnu-toolchain-15.2.rel1-mingw-w64-i686-arm-none-eabi/bin/../lib/gcc/arm-none-eabi/15.2.1/../../../../arm-none-eabi/lib/thumb/v7e-m+fp/hard\libc_nano.a(libc_a-makebuf.o)
                0x08007886                __smakebuf_r
 .text.__sread  0x080078f8       0x22 C:/arm-gnu-toolchain-15.2.rel1-mingw-w64-i686-arm-none-eabi/bin/../lib/gcc/arm-none-eabi/15.2.1/../../../../arm-none-eabi/lib/thumb/v7e-m+fp/hard\libc_nano.a(libc_a-stdio.o)
                0x080078f8                __sread
 .text.__seofread
                0x0800791a        0x4 C:/arm-gnu-toolchain-15.2.rel1-mingw-w64-i686-arm-none-eabi/bin/../lib/gcc/arm-none-eabi/15.2.1/../../../../arm-none-eabi/lib/thumb/v7e-m+fp/hard\libc_nano.a(libc_a-stdio.o)
                0x0800791a                __seofread
 .text.__swrite
                0x0800791e       0x38 C:/arm-gnu-toolchain-15.2.rel1-mingw-w64-i686-arm-none-eabi/bin/../lib/gcc/arm-none-eabi/15.2.1/../../../../arm-none-eabi/lib/thumb/v7e-m+fp/hard\libc_nano.a(libc_a-stdio.o)
                0x0800791e                __swrite
 .text.__sseek  0x08007956       0x26 C:/arm-gnu-toolchain-15.2.rel1-mingw-w64-i686-arm-none-eabi/bin/../lib/gcc/arm-none-eabi/15.2.1/../../../../arm-none-eabi/lib/thumb/v7e-m+fp/hard\libc_nano.a(libc_a-stdio.o)
                0x08007956                __sseek
 .text.__sclose
                0x0800797c        0x8 C:/arm-gnu-toolchain-15.2.rel1-mingw-w64-i686-arm-none-eabi/bin/../lib/gcc/arm-none-eabi/15.2.1/../../../../arm-none-eabi/lib/thumb/v7e-m+fp/hard\libc_nano.a(libc_a-stdio.o)
                0x0800797c                __sclose
 .text.__swbuf_r
                0x08007984       0x7a C:/arm-gnu-toolchain-15.2.rel1-mingw-w64-i686-arm-none-eabi/bin/../lib/gcc/arm-none-eabi/15.2.1/../../../../arm-none-eabi/lib/thumb/v7e-m+fp/hard\libc_nano.a(libc_a-wbuf.o)
                0x08007984                __swbuf_r
 *fill*         0x080079fe        0x2 
 .text.__swbuf  0x08007a00       0x10 C:/arm-gnu-toolchain-15.2.rel1-mingw-w64-i686-arm-none-eabi/bin/../lib/gcc/arm-none-eabi/15.2.1/../../../../arm-none-eabi/lib/thumb/v7e-m+fp/hard\libc_nano.a(libc_a-wbuf.o)
                0x08007a00                __swbuf
 .text.__swsetup_r
                0x08007a10       0xa8 C:/arm-gnu-toolchain-15.2.rel1-mingw-w64-i686-arm-none-eabi/bin/../lib/gcc/arm-none-eabi/15.2.1/../../../../arm-none-eabi/lib/thumb/v7e-m+fp/hard\libc_nano.a(libc_a-wsetup.o)
                0x08007a10                __swsetup_r
 .text.memmove  0x08007ab8       0x32 C:/arm-gnu-toolchain-15.2.rel1-mingw-w64-i686-arm-none-eabi/bin/../lib/gcc/arm-none-eabi/15.2.1/../../../../arm-none-eabi/lib/thumb/v7e-m+fp/hard\libc_nano.a(libc_a-memmove.o)
                0x08007ab8                memmove
 .text.memset   0x08007aea       0x10 C:/arm-gnu-toolchain-15.2.rel1-mingw-w64-i686-arm-none-eabi/bin/../lib/gcc/arm-none-eabi/15.2.1/../../../../arm-none-eabi/lib/thumb/v7e-m+fp/hard\libc_nano.a(libc_a-memset.o)
                0x08007aea                memset
 *fill*         0x08007afa        0x2 
 .text._setlocale_r
                0x08007afc       0x3c C:/arm-gnu-toolchain-15.2.rel1-mingw-w64-i686-arm-none-eabi/bin/../lib/gcc/arm-none-eabi/15.2.1/../../../../arm-none-eabi/lib/thumb/v7e-m+fp/hard\libc_nano.a(libc_a-locale.o)
                0x08007afc                _setlocale_r
 .text.__locale_mb_cur_max
                0x08007b38        0xc C:/arm-gnu-toolchain-15.2.rel1-mingw-w64-i686-arm-none-eabi/bin/../lib/gcc/arm-none-eabi/15.2.1/../../../../arm-none-eabi/lib/thumb/v7e-m+fp/hard\libc_nano.a(libc_a-locale.o)
                0x08007b38                __locale_mb_cur_max
 .text.setlocale
                0x08007b44       0x10 C:/arm-gnu-toolchain-15.2.rel1-mingw-w64-i686-arm-none-eabi/bin/../lib/gcc/arm-none-eabi/15.2.1/../../../../arm-none-eabi/lib/thumb/v7e-m+fp/hard\libc_nano.a(libc_a-locale.o)
                0x08007b44                setlocale
 .text._close_r
                0x08007b54       0x20 C:/arm-gnu-toolchain-15.2.rel1-mingw-w64-i686-arm-none-eabi/bin/../lib/gcc/arm-none-eabi/15.2.1/../../../../arm-none-eabi/lib/thumb/v7e-m+fp/hard\libc_nano.a(libc_a-closer.o)
                0x08007b54                _close_r
 .text._reclaim_reent
                0x08007b74       0xbc C:/arm-gnu-toolchain-15.2.rel1-mingw-w64-i686-arm-none-eabi/bin/../lib/gcc/arm-none-eabi/15.2.1/../../../../arm-none-eabi/lib/thumb/v7e-m+fp/hard\libc_nano.a(libc_a-reent.o)
                0x08007b74                _reclaim_reent
 .text._fstat_r
                0x08007c30       0x24 C:/arm-gnu-toolchain-15.2.rel1-mingw-w64-i686-arm-none-eabi/bin/../lib/gcc/arm-none-eabi/15.2.1/../../../../arm-none-eabi/lib/thumb/v7e-m+fp/hard\libc_nano.a(libc_a-fstatr.o)
                0x08007c30                _fstat_r
 .text._isatty_r
                0x08007c54       0x20 C:/arm-gnu-toolchain-15.2.rel1-mingw-w64-i686-arm-none-eabi/bin/../lib/gcc/arm-none-eabi/15.2.1/../../../../arm-none-eabi/lib/thumb/v7e-m+fp/hard\libc_nano.a(libc_a-isattyr.o)
                0x08007c54                _isatty_r
 .text._lseek_r
                0x08007c74       0x24 C:/arm-gnu-toolchain-15.2.rel1-mingw-w64-i686-arm-none-eabi/bin/../lib/gcc/arm-none-eabi/15.2.1/../../../../arm-none-eabi/lib/thumb/v7e-m+fp/hard\libc_nano.a(libc_a-lseekr.o)
                0x08007c74                _lseek_r
 .text._read_r  0x08007c98       0x24 C:/arm-gnu-toolchain-15.2.rel1-mingw-w64-i686-arm-none-eabi/bin/../lib/gcc/arm-none-eabi/15.2.1/../../../../arm-none-eabi/lib/thumb/v7e-m+fp/hard\libc_nano.a(libc_a-readr.o)
                0x08007c98                _read_r
 .text._sbrk_r  0x08007cbc       0x20 C:/arm-gnu-toolchain-15.2.rel1-mingw-w64-i686-arm-none-eabi/bin/../lib/gcc/arm-none-eabi/15.2.1/../../../../arm-none-eabi/lib/thumb/v7e-m+fp/hard\libc_nano.a(libc_a-sbrkr.o)
                0x08007cbc                _sbrk_r
 .text._write_r
                0x08007cdc       0x24 C:/arm-gnu-toolchain-15.2.rel1-mingw-w64-i686-arm-none-eabi/bin/../lib/gcc/arm-none-eabi/15.2.1/../../../../arm-none-eabi/lib/thumb/v7e-m+fp/hard\libc_nano.a(libc_a-writer.o)
                0x08007cdc                _write_r
 .text.memcpy   0x08007d00       0x1c C:/arm-gnu-toolchain-15.2.rel1-mingw-w64-i686-arm-none-eabi/bin/../lib/gcc/arm-none-eabi/15.2.1/../../../../arm-none-eabi/lib/thumb/v7e-m+fp/hard\libc_nano.a(libc_a-memcpy-stub.o)
                0x08007d00                memcpy
 .text.__assert_func
                0x08007d1c       0x3c C:/arm-gnu-toolchain-15.2.rel1-mingw-w64-i686-arm-none-eabi/bin/../lib/gcc/arm-none-eabi/15.2.1/../../../../arm-none-eabi/lib/thumb/v7e-m+fp/hard\libc_nano.a(libc_a-assert.o)
                0x08007d1c                __assert_func
 .text.__assert
                0x08007d58        0xa C:/arm-gnu-toolchain-15.2.rel1-mingw-w64-i686-arm-none-eabi/bin/../lib/gcc/arm-none-eabi/15.2.1/../../../../arm-none-eabi/lib/thumb/v7e-m+fp/hard\libc_nano.a(libc_a-assert.o)
                0x08007d58                __assert
 .text._calloc_r
                0x08007d62       0x28 C:/arm-gnu-toolchain-15.2.rel1-mingw-w64-i686-arm-none-eabi/bin/../lib/gcc/arm-none-eabi/15.2.1/../../../../arm-none-eabi/lib/thumb/v7e-m+fp/hard\libc_nano.a(libc_a-callocr.o)
                0x08007d62                _calloc_r
 *fill*         0x08007d8a        0x2 
 .text._mbtowc_r
                0x08007d8c       0x10 C:/arm-gnu-toolchain-15.2.rel1-mingw-w64-i686-arm-none-eabi/bin/../lib/gcc/arm-none-eabi/15.2.1/../../../../arm-none-eabi/lib/thumb/v7e-m+fp/hard\libc_nano.a(libc_a-mbtowc_r.o)
                0x08007d8c                _mbtowc_r
 .text.__ascii_mbtowc
                0x08007d9c       0x24 C:/arm-gnu-toolchain-15.2.rel1-mingw-w64-i686-arm-none-eabi/bin/../lib/gcc/arm-none-eabi/15.2.1/../../../../arm-none-eabi/lib/thumb/v7e-m+fp/hard\libc_nano.a(libc_a-mbtowc_r.o)
                0x08007d9c                __ascii_mbtowc
 .text._realloc_r
                0x08007dc0       0x5c C:/arm-gnu-toolchain-15.2.rel1-mingw-w64-i686-arm-none-eabi/bin/../lib/gcc/arm-none-eabi/15.2.1/../../../../arm-none-eabi/lib/thumb/v7e-m+fp/hard\libc_nano.a(libc_a-reallocr.o)
                0x08007dc0                _realloc_r
 .text._wctomb_r
                0x08007e1c       0x10 C:/arm-gnu-toolchain-15.2.rel1-mingw-w64-i686-arm-none-eabi/bin/../lib/gcc/arm-none-eabi/15.2.1/../../../../arm-none-eabi/lib/thumb/v7e-m+fp/hard\libc_nano.a(libc_a-wctomb_r.o)
                0x08007e1c                _wctomb_r
 .text.__ascii_wctomb
                0x08007e2c       0x1a C:/arm-gnu-toolchain-15.2.rel1-mingw-w64-i686-arm-none-eabi/bin/../lib/gcc/arm-none-eabi/15.2.1/../../../../arm-none-eabi/lib/thumb/v7e-m+fp/hard\libc_nano.a(libc_a-wctomb_r.o)
                0x08007e2c                __ascii_wctomb
 .text._fprintf_r
                0x08007e46       0x1a C:/arm-gnu-toolchain-15.2.rel1-mingw-w64-i686-arm-none-eabi/bin/../lib/gcc/arm-none-eabi/15.2.1/../../../../arm-none-eabi/lib/thumb/v7e-m+fp/hard\libc_nano.a(libc_a-fprintf.o)
                0x08007e46                _fiprintf_r
                0x08007e46                _fprintf_r
 .text.fprintf  0x08007e60       0x24 C:/arm-gnu-toolchain-15.2.rel1-mingw-w64-i686-arm-none-eabi/bin/../lib/gcc/arm-none-eabi/15.2.1/../../../../arm-none-eabi/lib/thumb/v7e-m+fp/hard\libc_nano.a(libc_a-fprintf.o)
                0x08007e60                fiprintf
                0x08007e60                fprintf
 .text.abort    0x08007e84        0xe C:/arm-gnu-toolchain-15.2.rel1-mingw-w64-i686-arm-none-eabi/bin/../lib/gcc/arm-none-eabi/15.2.1/../../../../arm-none-eabi/lib/thumb/v7e-m+fp/hard\libc_nano.a(libc_a-abort.o)
                0x08007e84                abort
 .text._malloc_usable_size_r
                0x08007e92       0x10 C:/arm-gnu-toolchain-15.2.rel1-mingw-w64-i686-arm-none-eabi/bin/../lib/gcc/arm-none-eabi/15.2.1/../../../../arm-none-eabi/lib/thumb/v7e-m+fp/hard\libc_nano.a(libc_a-msizer.o)
                0x08007e92                _malloc_usable_size_r
 .text._init_signal_r
                0x08007ea2       0x28 C:/arm-gnu-toolchain-15.2.rel1-mingw-w64-i686-arm-none-eabi/bin/../lib/gcc/arm-none-eabi/15.2.1/../../../../arm-none-eabi/lib/thumb/v7e-m+fp/hard\libc_nano.a(libc_a-signal.o)
                0x08007ea2                _init_signal_r
 .text._signal_r
                0x08007eca       0x30 C:/arm-gnu-toolchain-15.2.rel1-mingw-w64-i686-arm-none-eabi/bin/../lib/gcc/arm-none-eabi/15.2.1/../../../../arm-none-eabi/lib/thumb/v7e-m+fp/hard\libc_nano.a(libc_a-signal.o)
                0x08007eca                _signal_r
 .text._raise_r
                0x08007efa       0x50 C:/arm-gnu-toolchain-15.2.rel1-mingw-w64-i686-arm-none-eabi/bin/../lib/gcc/arm-none-eabi/15.2.1/../../../../arm-none-eabi/lib/thumb/v7e-m+fp/hard\libc_nano.a(libc_a-signal.o)
                0x08007efa                _raise_r
 .text.__sigtramp_r
                0x08007f4a       0x48 C:/arm-gnu-toolchain-15.2.rel1-mingw-w64-i686-arm-none-eabi/bin/../lib/gcc/arm-none-eabi/15.2.1/../../../../arm-none-eabi/lib/thumb/v7e-m+fp/hard\libc_nano.a(libc_a-signal.o)
                0x08007f4a                __sigtramp_r
 *fill*         0x08007f92        0x2 
 .text.raise    0x08007f94       0x10 C:/arm-gnu-toolchain-15.2.rel1-mingw-w64-i686-arm-none-eabi/bin/../lib/gcc/arm-none-eabi/15.2.1/../../../../arm-none-eabi/lib/thumb/v7e-m+fp/hard\libc_nano.a(libc_a-signal.o)
                0x08007f94                raise
 .text.signal   0x08007fa4       0x10 C:/arm-gnu-toolchain-15.2.rel1-mingw-w64-i686-arm-none-eabi/bin/../lib/gcc/arm-none-eabi/15.2.1/../../../../arm-none-eabi/lib/thumb/v7e-m+fp/hard\libc_nano.a(libc_a-signal.o)
                0x08007fa4                signal
 .text._init_signal
                0x08007fb4        0xc C:/arm-gnu-toolchain-15.2.rel1-mingw-w64-i686-arm-none-eabi/bin/../lib/gcc/arm-none-eabi/15.2.1/../../../../arm-none-eabi/lib/thumb/v7e-m+fp/hard\libc_nano.a(libc_a-signal.o)
                0x08007fb4                _init_signal
 .text.__sigtramp
                0x08007fc0       0x10 C:/arm-gnu-toolchain-15.2.rel1-mingw-w64-i686-arm-none-eabi/bin/../lib/gcc/arm-none-eabi/15.2.1/../../../../arm-none-eabi/lib/thumb/v7e-m+fp/hard\libc_nano.a(libc_a-signal.o)
                0x08007fc0                __sigtramp
 .text._kill_r  0x08007fd0       0x24 C:/arm-gnu-toolchain-15.2.rel1-mingw-w64-i686-arm-none-eabi/bin/../lib/gcc/arm-none-eabi/15.2.1/../../../../arm-none-eabi/lib/thumb/v7e-m+fp/hard\libc_nano.a(libc_a-signalr.o)
                0x08007fd0                _kill_r
 .text._getpid_r
                0x08007ff4        0x4 C:/arm-gnu-toolchain-15.2.rel1-mingw-w64-i686-arm-none-eabi/bin/../lib/gcc/arm-none-eabi/15.2.1/../../../../arm-none-eabi/lib/thumb/v7e-m+fp/hard\libc_nano.a(libc_a-signalr.o)
                0x08007ff4                _getpid_r
 .text._exit    0x08007ff8        0x4 C:/arm-gnu-toolchain-15.2.rel1-mingw-w64-i686-arm-none-eabi/bin/../lib/gcc/arm-none-eabi/15.2.1/../../../../arm-none-eabi/lib/thumb/v7e-m+fp/hard\libnosys.a(_exit.o)
                0x08007ff8                _exit
                0x08007ffc                        . = ALIGN (0x4)

.glue_7         0x08007ffc        0x0
 .glue_7        0x08007ffc        0x0 linker stubs

.glue_7t        0x08007ffc        0x0
 .glue_7t       0x08007ffc        0x0 linker stubs

.vfp11_veneer   0x08007ffc        0x0
 .vfp11_veneer  0x08007ffc        0x0 linker stubs

.v4_bx          0x08007ffc        0x0
 .v4_bx         0x08007ffc        0x0 linker stubs

.iplt           0x08007ffc        0x0
 .iplt          0x08007ffc        0x0 exception.o

.ARM.extab      0x08007ffc        0x0
 *(.ARM.extab* .gnu.linkonce.armextab.*)
 .ARM.extab     0x08007ffc        0x0 C:/arm-gnu-toolchain-15.2.rel1-mingw-w64-i686-arm-none-eabi/bin/../lib/gcc/arm-none-eabi/15.2.1/../../../../arm-none-eabi/lib/thumb/v7e-m+fp/hard\libc_nano.a(libc_a-memchr.o)
 .ARM.extab     0x08007ffc        0x0 C:/arm-gnu-toolchain-15.2.rel1-mingw-w64-i686-arm-none-eabi/bin/../lib/gcc/arm-none-eabi/15.2.1/../../../../arm-none-eabi/lib/thumb/v7e-m+fp/hard\libc_nano.a(libc_a-strlen.o)
 .ARM.extab     0x08007ffc        0x0 C:/arm-gnu-toolchain-15.2.rel1-mingw-w64-i686-arm-none-eabi/bin/../lib/gcc/arm-none-eabi/15.2.1/../../../../arm-none-eabi/lib/thumb/v7e-m+fp/hard\libc_nano.a(libc_a-strcmp.o)
                0x08007ffc                        . = ALIGN (0x4)

.ARM.exidx      0x08007ffc        0x8
 *(.ARM.exidx* .gnu.linkonce.armexidx.*)
 .ARM.exidx     0x08007ffc        0x8 C:/arm-gnu-toolchain-15.2.rel1-mingw-w64-i686-arm-none-eabi/bin/../lib/gcc/arm-none-eabi/15.2.1/../../../../arm-none-eabi/lib/thumb/v7e-m+fp/hard\libc_nano.a(libc_a-memchr.o)
 .ARM.exidx     0x08008004        0x0 C:/arm-gnu-toolchain-15.2.rel1-mingw-w64-i686-arm-none-eabi/bin/../lib/gcc/arm-none-eabi/15.2.1/../../../../arm-none-eabi/lib/thumb/v7e-m+fp/hard\libc_nano.a(libc_a-strlen.o)
                                  0x8 (size before relaxing)
 .ARM.exidx     0x08008004        0x0 C:/arm-gnu-toolchain-15.2.rel1-mingw-w64-i686-arm-none-eabi/bin/../lib/gcc/arm-none-eabi/15.2.1/../../../../arm-none-eabi/lib/thumb/v7e-m+fp/hard\libc_nano.a(libc_a-strcmp.o)
                                  0x8 (size before relaxing)
                0x08008004                        . = ALIGN (0x4)

.rodata         0x08008008      0xbb0
 *(.rodata)
 .rodata        0x08008008       0x2e exception.o
 *fill*         0x08008036        0x2 
 .rodata        0x08008038      0x133 gripper_control.o
 *fill*         0x0800816b        0x1 
 .rodata        0x0800816c      0x691 main.o
 *fill*         0x080087fd        0x3 
 .rodata        0x08008800       0x18 system_stm32f4xx.o
                0x08008800                AHBPrescTable
                0x08008810                APBPrescTable
 *(.rodata.*)
 .rodata._printf_float.str1.1
                0x08008818      0x173 C:/arm-gnu-toolchain-15.2.rel1-mingw-w64-i686-arm-none-eabi/bin/../lib/gcc/arm-none-eabi/15.2.1/../../../../arm-none-eabi/lib/thumb/v7e-m+fp/hard\libc_nano.a(libc_a-nano-vfprintf_float.o)
                                 0x12 (size before relaxing)
 .rodata._printf_i.str1.1
                0x0800898b        0x0 C:/arm-gnu-toolchain-15.2.rel1-mingw-w64-i686-arm-none-eabi/bin/../lib/gcc/arm-none-eabi/15.2.1/../../../../arm-none-eabi/lib/thumb/v7e-m+fp/hard\libc_nano.a(libc_a-nano-vfprintf_i.o)
                                 0x22 (size before relaxing)
 .rodata._dtoa_r.str1.1
                0x0800898b        0x0 C:/arm-gnu-toolchain-15.2.rel1-mingw-w64-i686-arm-none-eabi/bin/../lib/gcc/arm-none-eabi/15.2.1/../../../../arm-none-eabi/lib/thumb/v7e-m+fp/hard\libc_nano.a(libc_a-dtoa.o)
                                 0x90 (size before relaxing)
 .rodata._Balloc.str1.1
                0x0800898b        0x0 C:/arm-gnu-toolchain-15.2.rel1-mingw-w64-i686-arm-none-eabi/bin/../lib/gcc/arm-none-eabi/15.2.1/../../../../arm-none-eabi/lib/thumb/v7e-m+fp/hard\libc_nano.a(libc_a-mprec.o)
                                 0x71 (size before relaxing)
 .rodata.__multadd.str1.1
                0x0800898b        0x0 C:/arm-gnu-toolchain-15.2.rel1-mingw-w64-i686-arm-none-eabi/bin/../lib/gcc/arm-none-eabi/15.2.1/../../../../arm-none-eabi/lib/thumb/v7e-m+fp/hard\libc_nano.a(libc_a-mprec.o)
                                 0x11 (size before relaxing)
 *fill*         0x0800898b        0x1 
 .rodata.p05.0  0x0800898c        0xc C:/arm-gnu-toolchain-15.2.rel1-mingw-w64-i686-arm-none-eabi/bin/../lib/gcc/arm-none-eabi/15.2.1/../../../../arm-none-eabi/lib/thumb/v7e-m+fp/hard\libc_nano.a(libc_a-mprec.o)
 .rodata.__mprec_tinytens
                0x08008998       0x28 C:/arm-gnu-toolchain-15.2.rel1-mingw-w64-i686-arm-none-eabi/bin/../lib/gcc/arm-none-eabi/15.2.1/../../../../arm-none-eabi/lib/thumb/v7e-m+fp/hard\libc_nano.a(libc_a-mprec.o)
                0x08008998                __mprec_tinytens
 .rodata.__mprec_bigtens
                0x080089c0       0x28 C:/arm-gnu-toolchain-15.2.rel1-mingw-w64-i686-arm-none-eabi/bin/../lib/gcc/arm-none-eabi/15.2.1/../../../../arm-none-eabi/lib/thumb/v7e-m+fp/hard\libc_nano.a(libc_a-mprec.o)
                0x080089c0                __mprec_bigtens
 .rodata.__mprec_tens
                0x080089e8       0xc8 C:/arm-gnu-toolchain-15.2.rel1-mingw-w64-i686-arm-none-eabi/bin/../lib/gcc/arm-none-eabi/15.2.1/../../../../arm-none-eabi/lib/thumb/v7e-m+fp/hard\libc_nano.a(libc_a-mprec.o)
                0x080089e8                __mprec_tens
 .rodata._svfprintf_r.str1.1
                0x08008ab0        0x0 C:/arm-gnu-toolchain-15.2.rel1-mingw-w64-i686-arm-none-eabi/bin/../lib/gcc/arm-none-eabi/15.2.1/../../../../arm-none-eabi/lib/thumb/v7e-m+fp/hard\libc_nano.a(libc_a-nano-svfprintf.o)
                                 0x11 (size before relaxing)
 .rodata._vfprintf_r.str1.1
                0x08008ab0        0x0 C:/arm-gnu-toolchain-15.2.rel1-mingw-w64-i686-arm-none-eabi/bin/../lib/gcc/arm-none-eabi/15.2.1/../../../../arm-none-eabi/lib/thumb/v7e-m+fp/hard\libc_nano.a(libc_a-nano-vfprintf.o)
                                 0x11 (size before relaxing)
 .rodata._setlocale_r.str1.1
                0x08008ab0        0x0 C:/arm-gnu-toolchain-15.2.rel1-mingw-w64-i686-arm-none-eabi/bin/../lib/gcc/arm-none-eabi/15.2.1/../../../../arm-none-eabi/lib/thumb/v7e-m+fp/hard\libc_nano.a(libc_a-locale.o)
                                  0x9 (size before relaxing)
 .rodata.str1.1
                0x08008ab0        0x0 C:/arm-gnu-toolchain-15.2.rel1-mingw-w64-i686-arm-none-eabi/bin/../lib/gcc/arm-none-eabi/15.2.1/../../../../arm-none-eabi/lib/thumb/v7e-m+fp/hard\libc_nano.a(libc_a-locale.o)
                                  0x2 (size before relaxing)
 .rodata.__assert_func.str1.1
                0x08008ab0        0x0 C:/arm-gnu-toolchain-15.2.rel1-mingw-w64-i686-arm-none-eabi/bin/../lib/gcc/arm-none-eabi/15.2.1/../../../../arm-none-eabi/lib/thumb/v7e-m+fp/hard\libc_nano.a(libc_a-assert.o)
                                 0x3d (size before relaxing)
 .rodata._ctype_
                0x08008ab0      0x101 C:/arm-gnu-toolchain-15.2.rel1-mingw-w64-i686-arm-none-eabi/bin/../lib/gcc/arm-none-eabi/15.2.1/../../../../arm-none-eabi/lib/thumb/v7e-m+fp/hard\libc_nano.a(libc_a-ctype_.o)
                0x08008ab0                _ctype_
                0x08008bb8                        . = ALIGN (0x8)
 *fill*         0x08008bb1        0x7 
                0x08008bb8                        __RO_LIMIT__ = .

.rel.dyn        0x08008bb8        0x0
 .rel.iplt      0x08008bb8        0x0 exception.o

.data           0x20000000      0x1cc load address 0x08008bb8
                0x20000000                        __RW_BASE__ = .
 *(.data)
 .data          0x20000000        0x0 adc.o
 .data          0x20000000        0x0 clock.o
 .data          0x20000000        0x0 exception.o
 .data          0x20000000        0x0 feetech.o
 .data          0x20000000        0x0 gripper_control.o
 .data          0x20000000        0x0 i2c.o
 .data          0x20000000        0x0 key.o
 .data          0x20000000        0x0 led.o
 .data          0x20000000        0x0 main.o
 .data          0x20000000        0x0 mcp2515.o
 .data          0x20000000        0x0 runtime.o
 .data          0x20000000        0x0 spi.o
 .data          0x20000000        0x4 system_stm32f4xx.o
                0x20000000                SystemCoreClock
 .data          0x20000004        0x0 systick.o
 .data          0x20000004        0x0 timer.o
 .data          0x20000004        0x0 uart.o
 .data          0x20000004        0x0 crt0.o
 .data          0x20000004        0x0 C:/arm-gnu-toolchain-15.2.rel1-mingw-w64-i686-arm-none-eabi/bin/../lib/gcc/arm-none-eabi/15.2.1/../../../../arm-none-eabi/lib/thumb/v7e-m+fp/hard\libc_nano.a(libc_a-abs.o)
 .data          0x20000004        0x0 C:/arm-gnu-toolchain-15.2.rel1-mingw-w64-i686-arm-none-eabi/bin/../lib/gcc/arm-none-eabi/15.2.1/../../../../arm-none-eabi/lib/thumb/v7e-m+fp/hard\libc_nano.a(libc_a-nano-vfprintf_float.o)
 .data          0x20000004        0x0 C:/arm-gnu-toolchain-15.2.rel1-mingw-w64-i686-arm-none-eabi/bin/../lib/gcc/arm-none-eabi/15.2.1/../../../../arm-none-eabi/lib/thumb/v7e-m+fp/hard\libc_nano.a(libc_a-nano-vfprintf_i.o)
 .data          0x20000004        0x0 C:/arm-gnu-toolchain-15.2.rel1-mingw-w64-i686-arm-none-eabi/bin/../lib/gcc/arm-none-eabi/15.2.1/../../../../arm-none-eabi/lib/thumb/v7e-m+fp/hard\libc_nano.a(libc_a-printf.o)
 .data          0x20000004        0x0 C:/arm-gnu-toolchain-15.2.rel1-mingw-w64-i686-arm-none-eabi/bin/../lib/gcc/arm-none-eabi/15.2.1/../../../../arm-none-eabi/lib/thumb/v7e-m+fp/hard\libc_nano.a(libc_a-setvbuf.o)
 .data          0x20000004        0x0 C:/arm-gnu-toolchain-15.2.rel1-mingw-w64-i686-arm-none-eabi/bin/../lib/gcc/arm-none-eabi/15.2.1/../../../../arm-none-eabi/lib/thumb/v7e-m+fp/hard\libc_nano.a(libc_a-vsprintf.o)
 .data          0x20000004        0x0 C:/arm-gnu-toolchain-15.2.rel1-mingw-w64-i686-arm-none-eabi/bin/../lib/gcc/arm-none-eabi/15.2.1/../../../../arm-none-eabi/lib/thumb/v7e-m+fp/hard\libc_nano.a(libc_a-localeconv.o)
 .data          0x20000004        0x0 C:/arm-gnu-toolchain-15.2.rel1-mingw-w64-i686-arm-none-eabi/bin/../lib/gcc/arm-none-eabi/15.2.1/../../../../arm-none-eabi/lib/thumb/v7e-m+fp/hard\libc_nano.a(libc_a-impure.o)
 .data          0x20000004        0x0 C:/arm-gnu-toolchain-15.2.rel1-mingw-w64-i686-arm-none-eabi/bin/../lib/gcc/arm-none-eabi/15.2.1/../../../../arm-none-eabi/lib/thumb/v7e-m+fp/hard\libc_nano.a(libc_a-errno.o)
 .data          0x20000004        0x0 C:/arm-gnu-toolchain-15.2.rel1-mingw-w64-i686-arm-none-eabi/bin/../lib/gcc/arm-none-eabi/15.2.1/../../../../arm-none-eabi/lib/thumb/v7e-m+fp/hard\libc_nano.a(libc_a-lock.o)
 .data          0x20000004        0x0 C:/arm-gnu-toolchain-15.2.rel1-mingw-w64-i686-arm-none-eabi/bin/../lib/gcc/arm-none-eabi/15.2.1/../../../../arm-none-eabi/lib/thumb/v7e-m+fp/hard\libc_nano.a(libc_a-memchr.o)
 .data          0x20000004        0x0 C:/arm-gnu-toolchain-15.2.rel1-mingw-w64-i686-arm-none-eabi/bin/../lib/gcc/arm-none-eabi/15.2.1/../../../../arm-none-eabi/lib/thumb/v7e-m+fp/hard\libc_nano.a(libc_a-strlen.o)
 .data          0x20000004        0x0 C:/arm-gnu-toolchain-15.2.rel1-mingw-w64-i686-arm-none-eabi/bin/../lib/gcc/arm-none-eabi/15.2.1/../../../../arm-none-eabi/lib/thumb/v7e-m+fp/hard\libc_nano.a(libc_a-dtoa.o)
 .data          0x20000004        0x0 C:/arm-gnu-toolchain-15.2.rel1-mingw-w64-i686-arm-none-eabi/bin/../lib/gcc/arm-none-eabi/15.2.1/../../../../arm-none-eabi/lib/thumb/v7e-m+fp/hard\libc_nano.a(libc_a-freer.o)
 .data          0x20000004        0x0 C:/arm-gnu-toolchain-15.2.rel1-mingw-w64-i686-arm-none-eabi/bin/../lib/gcc/arm-none-eabi/15.2.1/../../../../arm-none-eabi/lib/thumb/v7e-m+fp/hard\libc_nano.a(libc_a-malloc.o)
 .data          0x20000004        0x0 C:/arm-gnu-toolchain-15.2.rel1-mingw-w64-i686-arm-none-eabi/bin/../lib/gcc/arm-none-eabi/15.2.1/../../../../arm-none-eabi/lib/thumb/v7e-m+fp/hard\libc_nano.a(libc_a-mallocr.o)
 .data          0x20000004        0x0 C:/arm-gnu-toolchain-15.2.rel1-mingw-w64-i686-arm-none-eabi/bin/../lib/gcc/arm-none-eabi/15.2.1/../../../../arm-none-eabi/lib/thumb/v7e-m+fp/hard\libc_nano.a(libc_a-mlock.o)
 .data          0x20000004        0x0 C:/arm-gnu-toolchain-15.2.rel1-mingw-w64-i686-arm-none-eabi/bin/../lib/gcc/arm-none-eabi/15.2.1/../../../../arm-none-eabi/lib/thumb/v7e-m+fp/hard\libc_nano.a(libc_a-mprec.o)
 .data          0x20000004        0x0 C:/arm-gnu-toolchain-15.2.rel1-mingw-w64-i686-arm-none-eabi/bin/../lib/gcc/arm-none-eabi/15.2.1/../../../../arm-none-eabi/lib/thumb/v7e-m+fp/hard\libc_nano.a(libc_a-nano-svfprintf.o)
 .data          0x20000004        0x0 C:/arm-gnu-toolchain-15.2.rel1-mingw-w64-i686-arm-none-eabi/bin/../lib/gcc/arm-none-eabi/15.2.1/../../../../arm-none-eabi/lib/thumb/v7e-m+fp/hard\libc_nano.a(libc_a-nano-vfprintf.o)
 .data          0x20000004        0x0 C:/arm-gnu-toolchain-15.2.rel1-mingw-w64-i686-arm-none-eabi/bin/../lib/gcc/arm-none-eabi/15.2.1/../../../../arm-none-eabi/lib/thumb/v7e-m+fp/hard\libc_nano.a(libc_a-fflush.o)
 .data          0x20000004        0x0 C:/arm-gnu-toolchain-15.2.rel1-mingw-w64-i686-arm-none-eabi/bin/../lib/gcc/arm-none-eabi/15.2.1/../../../../arm-none-eabi/lib/thumb/v7e-m+fp/hard\libc_nano.a(libc_a-findfp.o)
 .data          0x20000004        0x0 C:/arm-gnu-toolchain-15.2.rel1-mingw-w64-i686-arm-none-eabi/bin/../lib/gcc/arm-none-eabi/15.2.1/../../../../arm-none-eabi/lib/thumb/v7e-m+fp/hard\libc_nano.a(libc_a-fvwrite.o)
 .data          0x20000004        0x0 C:/arm-gnu-toolchain-15.2.rel1-mingw-w64-i686-arm-none-eabi/bin/../lib/gcc/arm-none-eabi/15.2.1/../../../../arm-none-eabi/lib/thumb/v7e-m+fp/hard\libc_nano.a(libc_a-fwalk.o)
 .data          0x20000004        0x0 C:/arm-gnu-toolchain-15.2.rel1-mingw-w64-i686-arm-none-eabi/bin/../lib/gcc/arm-none-eabi/15.2.1/../../../../arm-none-eabi/lib/thumb/v7e-m+fp/hard\libc_nano.a(libc_a-makebuf.o)
 .data          0x20000004        0x0 C:/arm-gnu-toolchain-15.2.rel1-mingw-w64-i686-arm-none-eabi/bin/../lib/gcc/arm-none-eabi/15.2.1/../../../../arm-none-eabi/lib/thumb/v7e-m+fp/hard\libc_nano.a(libc_a-stdio.o)
 .data          0x20000004        0x0 C:/arm-gnu-toolchain-15.2.rel1-mingw-w64-i686-arm-none-eabi/bin/../lib/gcc/arm-none-eabi/15.2.1/../../../../arm-none-eabi/lib/thumb/v7e-m+fp/hard\libc_nano.a(libc_a-wbuf.o)
 .data          0x20000004        0x0 C:/arm-gnu-toolchain-15.2.rel1-mingw-w64-i686-arm-none-eabi/bin/../lib/gcc/arm-none-eabi/15.2.1/../../../../arm-none-eabi/lib/thumb/v7e-m+fp/hard\libc_nano.a(libc_a-wsetup.o)
 .data          0x20000004        0x0 C:/arm-gnu-toolchain-15.2.rel1-mingw-w64-i686-arm-none-eabi/bin/../lib/gcc/arm-none-eabi/15.2.1/../../../../arm-none-eabi/lib/thumb/v7e-m+fp/hard\libc_nano.a(libc_a-memmove.o)
 .data          0x20000004        0x0 C:/arm-gnu-toolchain-15.2.rel1-mingw-w64-i686-arm-none-eabi/bin/../lib/gcc/arm-none-eabi/15.2.1/../../../../arm-none-eabi/lib/thumb/v7e-m+fp/hard\libc_nano.a(libc_a-memset.o)
 .data          0x20000004        0x0 C:/arm-gnu-toolchain-15.2.rel1-mingw-w64-i686-arm-none-eabi/bin/../lib/gcc/arm-none-eabi/15.2.1/../../../../arm-none-eabi/lib/thumb/v7e-m+fp/hard\libc_nano.a(libc_a-locale.o)
 .data          0x20000004        0x0 C:/arm-gnu-toolchain-15.2.rel1-mingw-w64-i686-arm-none-eabi/bin/../lib/gcc/arm-none-eabi/15.2.1/../../../../arm-none-eabi/lib/thumb/v7e-m+fp/hard\libc_nano.a(libc_a-closer.o)
 .data          0x20000004        0x0 C:/arm-gnu-toolchain-15.2.rel1-mingw-w64-i686-arm-none-eabi/bin/../lib/gcc/arm-none-eabi/15.2.1/../../../../arm-none-eabi/lib/thumb/v7e-m+fp/hard\libc_nano.a(libc_a-reent.o)
 .data          0x20000004        0x0 C:/arm-gnu-toolchain-15.2.rel1-mingw-w64-i686-arm-none-eabi/bin/../lib/gcc/arm-none-eabi/15.2.1/../../../../arm-none-eabi/lib/thumb/v7e-m+fp/hard\libc_nano.a(libc_a-fstatr.o)
 .data          0x20000004        0x0 C:/arm-gnu-toolchain-15.2.rel1-mingw-w64-i686-arm-none-eabi/bin/../lib/gcc/arm-none-eabi/15.2.1/../../../../arm-none-eabi/lib/thumb/v7e-m+fp/hard\libc_nano.a(libc_a-isattyr.o)
 .data          0x20000004        0x0 C:/arm-gnu-toolchain-15.2.rel1-mingw-w64-i686-arm-none-eabi/bin/../lib/gcc/arm-none-eabi/15.2.1/../../../../arm-none-eabi/lib/thumb/v7e-m+fp/hard\libc_nano.a(libc_a-lseekr.o)
 .data          0x20000004        0x0 C:/arm-gnu-toolchain-15.2.rel1-mingw-w64-i686-arm-none-eabi/bin/../lib/gcc/arm-none-eabi/15.2.1/../../../../arm-none-eabi/lib/thumb/v7e-m+fp/hard\libc_nano.a(libc_a-readr.o)
 .data          0x20000004        0x0 C:/arm-gnu-toolchain-15.2.rel1-mingw-w64-i686-arm-none-eabi/bin/../lib/gcc/arm-none-eabi/15.2.1/../../../../arm-none-eabi/lib/thumb/v7e-m+fp/hard\libc_nano.a(libc_a-sbrkr.o)
 .data          0x20000004        0x0 C:/arm-gnu-toolchain-15.2.rel1-mingw-w64-i686-arm-none-eabi/bin/../lib/gcc/arm-none-eabi/15.2.1/../../../../arm-none-eabi/lib/thumb/v7e-m+fp/hard\libc_nano.a(libc_a-writer.o)
 .data          0x20000004        0x0 C:/arm-gnu-toolchain-15.2.rel1-mingw-w64-i686-arm-none-eabi/bin/../lib/gcc/arm-none-eabi/15.2.1/../../../../arm-none-eabi/lib/thumb/v7e-m+fp/hard\libc_nano.a(libc_a-strcmp.o)
 .data          0x20000004        0x0 C:/arm-gnu-toolchain-15.2.rel1-mingw-w64-i686-arm-none-eabi/bin/../lib/gcc/arm-none-eabi/15.2.1/../../../../arm-none-eabi/lib/thumb/v7e-m+fp/hard\libc_nano.a(libc_a-memcpy-stub.o)
 .data          0x20000004        0x0 C:/arm-gnu-toolchain-15.2.rel1-mingw-w64-i686-arm-none-eabi/bin/../lib/gcc/arm-none-eabi/15.2.1/../../../../arm-none-eabi/lib/thumb/v7e-m+fp/hard\libc_nano.a(libc_a-assert.o)
 .data          0x20000004        0x0 C:/arm-gnu-toolchain-15.2.rel1-mingw-w64-i686-arm-none-eabi/bin/../lib/gcc/arm-none-eabi/15.2.1/../../../../arm-none-eabi/lib/thumb/v7e-m+fp/hard\libc_nano.a(libc_a-callocr.o)
 .data          0x20000004        0x0 C:/arm-gnu-toolchain-15.2.rel1-mingw-w64-i686-arm-none-eabi/bin/../lib/gcc/arm-none-eabi/15.2.1/../../../../arm-none-eabi/lib/thumb/v7e-m+fp/hard\libc_nano.a(libc_a-mbtowc_r.o)
 .data          0x20000004        0x0 C:/arm-gnu-toolchain-15.2.rel1-mingw-w64-i686-arm-none-eabi/bin/../lib/gcc/arm-none-eabi/15.2.1/../../../../arm-none-eabi/lib/thumb/v7e-m+fp/hard\libc_nano.a(libc_a-reallocr.o)
 .data          0x20000004        0x0 C:/arm-gnu-toolchain-15.2.rel1-mingw-w64-i686-arm-none-eabi/bin/../lib/gcc/arm-none-eabi/15.2.1/../../../../arm-none-eabi/lib/thumb/v7e-m+fp/hard\libc_nano.a(libc_a-wctomb_r.o)
 .data          0x20000004        0x0 C:/arm-gnu-toolchain-15.2.rel1-mingw-w64-i686-arm-none-eabi/bin/../lib/gcc/arm-none-eabi/15.2.1/../../../../arm-none-eabi/lib/thumb/v7e-m+fp/hard\libc_nano.a(libc_a-ctype_.o)
 .data          0x20000004        0x0 C:/arm-gnu-toolchain-15.2.rel1-mingw-w64-i686-arm-none-eabi/bin/../lib/gcc/arm-none-eabi/15.2.1/../../../../arm-none-eabi/lib/thumb/v7e-m+fp/hard\libc_nano.a(libc_a-fprintf.o)
 .data          0x20000004        0x0 C:/arm-gnu-toolchain-15.2.rel1-mingw-w64-i686-arm-none-eabi/bin/../lib/gcc/arm-none-eabi/15.2.1/../../../../arm-none-eabi/lib/thumb/v7e-m+fp/hard\libc_nano.a(libc_a-abort.o)
 .data          0x20000004        0x0 C:/arm-gnu-toolchain-15.2.rel1-mingw-w64-i686-arm-none-eabi/bin/../lib/gcc/arm-none-eabi/15.2.1/../../../../arm-none-eabi/lib/thumb/v7e-m+fp/hard\libc_nano.a(libc_a-msizer.o)
 .data          0x20000004        0x0 C:/arm-gnu-toolchain-15.2.rel1-mingw-w64-i686-arm-none-eabi/bin/../lib/gcc/arm-none-eabi/15.2.1/../../../../arm-none-eabi/lib/thumb/v7e-m+fp/hard\libc_nano.a(libc_a-signal.o)
 .data          0x20000004        0x0 C:/arm-gnu-toolchain-15.2.rel1-mingw-w64-i686-arm-none-eabi/bin/../lib/gcc/arm-none-eabi/15.2.1/../../../../arm-none-eabi/lib/thumb/v7e-m+fp/hard\libc_nano.a(libc_a-signalr.o)
 .data          0x20000004        0x0 C:/arm-gnu-toolchain-15.2.rel1-mingw-w64-i686-arm-none-eabi/bin/../lib/gcc/arm-none-eabi/15.2.1/thumb/v7e-m+fp/hard\libgcc.a(_arm_muldf3.o)
 .data          0x20000004        0x0 C:/arm-gnu-toolchain-15.2.rel1-mingw-w64-i686-arm-none-eabi/bin/../lib/gcc/arm-none-eabi/15.2.1/thumb/v7e-m+fp/hard\libgcc.a(_arm_addsubdf3.o)
 .data          0x20000004        0x0 C:/arm-gnu-toolchain-15.2.rel1-mingw-w64-i686-arm-none-eabi/bin/../lib/gcc/arm-none-eabi/15.2.1/thumb/v7e-m+fp/hard\libgcc.a(_arm_muldivdf3.o)
 .data          0x20000004        0x0 C:/arm-gnu-toolchain-15.2.rel1-mingw-w64-i686-arm-none-eabi/bin/../lib/gcc/arm-none-eabi/15.2.1/thumb/v7e-m+fp/hard\libgcc.a(_arm_cmpdf2.o)
 .data          0x20000004        0x0 C:/arm-gnu-toolchain-15.2.rel1-mingw-w64-i686-arm-none-eabi/bin/../lib/gcc/arm-none-eabi/15.2.1/thumb/v7e-m+fp/hard\libgcc.a(_arm_unorddf2.o)
 .data          0x20000004        0x0 C:/arm-gnu-toolchain-15.2.rel1-mingw-w64-i686-arm-none-eabi/bin/../lib/gcc/arm-none-eabi/15.2.1/thumb/v7e-m+fp/hard\libgcc.a(_arm_fixdfsi.o)
 .data          0x20000004        0x0 C:/arm-gnu-toolchain-15.2.rel1-mingw-w64-i686-arm-none-eabi/bin/../lib/gcc/arm-none-eabi/15.2.1/thumb/v7e-m+fp/hard\libgcc.a(_arm_fixunsdfsi.o)
 .data          0x20000004        0x0 C:/arm-gnu-toolchain-15.2.rel1-mingw-w64-i686-arm-none-eabi/bin/../lib/gcc/arm-none-eabi/15.2.1/../../../../arm-none-eabi/lib/thumb/v7e-m+fp/hard\libnosys.a(_exit.o)
 *(.data.*)
 .data._impure_ptr
                0x20000004        0x4 C:/arm-gnu-toolchain-15.2.rel1-mingw-w64-i686-arm-none-eabi/bin/../lib/gcc/arm-none-eabi/15.2.1/../../../../arm-none-eabi/lib/thumb/v7e-m+fp/hard\libc_nano.a(libc_a-impure.o)
                0x20000004                _impure_ptr
 .data._impure_data
                0x20000008       0x4c C:/arm-gnu-toolchain-15.2.rel1-mingw-w64-i686-arm-none-eabi/bin/../lib/gcc/arm-none-eabi/15.2.1/../../../../arm-none-eabi/lib/thumb/v7e-m+fp/hard\libc_nano.a(libc_a-impure.o)
                0x20000008                _impure_data
 .data.__sglue  0x20000054        0xc C:/arm-gnu-toolchain-15.2.rel1-mingw-w64-i686-arm-none-eabi/bin/../lib/gcc/arm-none-eabi/15.2.1/../../../../arm-none-eabi/lib/thumb/v7e-m+fp/hard\libc_nano.a(libc_a-findfp.o)
                0x20000054                __sglue
 .data.__global_locale
                0x20000060      0x16c C:/arm-gnu-toolchain-15.2.rel1-mingw-w64-i686-arm-none-eabi/bin/../lib/gcc/arm-none-eabi/15.2.1/../../../../arm-none-eabi/lib/thumb/v7e-m+fp/hard\libc_nano.a(libc_a-locale.o)
                0x20000060                __global_locale
                0x200001cc                        . = ALIGN (0x4)
                0x200001cc                        __RW_LIMIT__ = .
                0x000001cc                        __RW_SIZE__ = SIZEOF (.data)
                0x08008bb8                        __RW_LOAD_ADDR__ = LOADADDR (.data)

.igot.plt       0x200001cc        0x0 load address 0x08008d84
 .igot.plt      0x200001cc        0x0 exception.o

.bss            0x200001cc      0x2d0 load address 0x08008d84
                0x200001cc                        __ZI_BASE__ = .
 *(.bss)
 .bss           0x200001cc        0x0 adc.o
 .bss           0x200001cc        0x0 clock.o
 .bss           0x200001cc        0x0 exception.o
 .bss           0x200001cc        0x0 feetech.o
 .bss           0x200001cc       0x90 gripper_control.o
 .bss           0x2000025c        0x0 i2c.o
 .bss           0x2000025c        0x0 key.o
 .bss           0x2000025c        0x0 led.o
 .bss           0x2000025c       0xe4 main.o
                0x2000025c                g_cmd
                0x20000298                g_state
                0x20000328                g_ms_tick
                0x20000334                test_step
                0x20000338                Key_Pressed
 .bss           0x20000340        0x4 mcp2515.o
                0x20000340                g_mcp2515_irq
 .bss           0x20000344        0x4 runtime.o
 .bss           0x20000348        0x0 spi.o
 .bss           0x20000348        0x0 system_stm32f4xx.o
 .bss           0x20000348        0x0 systick.o
 .bss           0x20000348        0x0 timer.o
 .bss           0x20000348        0x0 uart.o
 .bss           0x20000348        0x0 crt0.o
 .bss           0x20000348        0x0 C:/arm-gnu-toolchain-15.2.rel1-mingw-w64-i686-arm-none-eabi/bin/../lib/gcc/arm-none-eabi/15.2.1/../../../../arm-none-eabi/lib/thumb/v7e-m+fp/hard\libc_nano.a(libc_a-abs.o)
 .bss           0x20000348        0x0 C:/arm-gnu-toolchain-15.2.rel1-mingw-w64-i686-arm-none-eabi/bin/../lib/gcc/arm-none-eabi/15.2.1/../../../../arm-none-eabi/lib/thumb/v7e-m+fp/hard\libc_nano.a(libc_a-nano-vfprintf_float.o)
 .bss           0x20000348        0x0 C:/arm-gnu-toolchain-15.2.rel1-mingw-w64-i686-arm-none-eabi/bin/../lib/gcc/arm-none-eabi/15.2.1/../../../../arm-none-eabi/lib/thumb/v7e-m+fp/hard\libc_nano.a(libc_a-nano-vfprintf_i.o)
 .bss           0x20000348        0x0 C:/arm-gnu-toolchain-15.2.rel1-mingw-w64-i686-arm-none-eabi/bin/../lib/gcc/arm-none-eabi/15.2.1/../../../../arm-none-eabi/lib/thumb/v7e-m+fp/hard\libc_nano.a(libc_a-printf.o)
 .bss           0x20000348        0x0 C:/arm-gnu-toolchain-15.2.rel1-mingw-w64-i686-arm-none-eabi/bin/../lib/gcc/arm-none-eabi/15.2.1/../../../../arm-none-eabi/lib/thumb/v7e-m+fp/hard\libc_nano.a(libc_a-setvbuf.o)
 .bss           0x20000348        0x0 C:/arm-gnu-toolchain-15.2.rel1-mingw-w64-i686-arm-none-eabi/bin/../lib/gcc/arm-none-eabi/15.2.1/../../../../arm-none-eabi/lib/thumb/v7e-m+fp/hard\libc_nano.a(libc_a-vsprintf.o)
 .bss           0x20000348        0x0 C:/arm-gnu-toolchain-15.2.rel1-mingw-w64-i686-arm-none-eabi/bin/../lib/gcc/arm-none-eabi/15.2.1/../../../../arm-none-eabi/lib/thumb/v7e-m+fp/hard\libc_nano.a(libc_a-localeconv.o)
 .bss           0x20000348        0x0 C:/arm-gnu-toolchain-15.2.rel1-mingw-w64-i686-arm-none-eabi/bin/../lib/gcc/arm-none-eabi/15.2.1/../../../../arm-none-eabi/lib/thumb/v7e-m+fp/hard\libc_nano.a(libc_a-impure.o)
 .bss           0x20000348        0x0 C:/arm-gnu-toolchain-15.2.rel1-mingw-w64-i686-arm-none-eabi/bin/../lib/gcc/arm-none-eabi/15.2.1/../../../../arm-none-eabi/lib/thumb/v7e-m+fp/hard\libc_nano.a(libc_a-errno.o)
 .bss           0x20000348        0x0 C:/arm-gnu-toolchain-15.2.rel1-mingw-w64-i686-arm-none-eabi/bin/../lib/gcc/arm-none-eabi/15.2.1/../../../../arm-none-eabi/lib/thumb/v7e-m+fp/hard\libc_nano.a(libc_a-lock.o)
 .bss           0x20000348        0x0 C:/arm-gnu-toolchain-15.2.rel1-mingw-w64-i686-arm-none-eabi/bin/../lib/gcc/arm-none-eabi/15.2.1/../../../../arm-none-eabi/lib/thumb/v7e-m+fp/hard\libc_nano.a(libc_a-memchr.o)
 .bss           0x20000348        0x0 C:/arm-gnu-toolchain-15.2.rel1-mingw-w64-i686-arm-none-eabi/bin/../lib/gcc/arm-none-eabi/15.2.1/../../../../arm-none-eabi/lib/thumb/v7e-m+fp/hard\libc_nano.a(libc_a-strlen.o)
 .bss           0x20000348        0x0 C:/arm-gnu-toolchain-15.2.rel1-mingw-w64-i686-arm-none-eabi/bin/../lib/gcc/arm-none-eabi/15.2.1/../../../../arm-none-eabi/lib/thumb/v7e-m+fp/hard\libc_nano.a(libc_a-dtoa.o)
 .bss           0x20000348        0x0 C:/arm-gnu-toolchain-15.2.rel1-mingw-w64-i686-arm-none-eabi/bin/../lib/gcc/arm-none-eabi/15.2.1/../../../../arm-none-eabi/lib/thumb/v7e-m+fp/hard\libc_nano.a(libc_a-freer.o)
 .bss           0x20000348        0x0 C:/arm-gnu-toolchain-15.2.rel1-mingw-w64-i686-arm-none-eabi/bin/../lib/gcc/arm-none-eabi/15.2.1/../../../../arm-none-eabi/lib/thumb/v7e-m+fp/hard\libc_nano.a(libc_a-malloc.o)
 .bss           0x20000348        0x0 C:/arm-gnu-toolchain-15.2.rel1-mingw-w64-i686-arm-none-eabi/bin/../lib/gcc/arm-none-eabi/15.2.1/../../../../arm-none-eabi/lib/thumb/v7e-m+fp/hard\libc_nano.a(libc_a-mallocr.o)
 .bss           0x20000348        0x0 C:/arm-gnu-toolchain-15.2.rel1-mingw-w64-i686-arm-none-eabi/bin/../lib/gcc/arm-none-eabi/15.2.1/../../../../arm-none-eabi/lib/thumb/v7e-m+fp/hard\libc_nano.a(libc_a-mlock.o)
 .bss           0x20000348        0x0 C:/arm-gnu-toolchain-15.2.rel1-mingw-w64-i686-arm-none-eabi/bin/../lib/gcc/arm-none-eabi/15.2.1/../../../../arm-none-eabi/lib/thumb/v7e-m+fp/hard\libc_nano.a(libc_a-mprec.o)
 .bss           0x20000348        0x0 C:/arm-gnu-toolchain-15.2.rel1-mingw-w64-i686-arm-none-eabi/bin/../lib/gcc/arm-none-eabi/15.2.1/../../../../arm-none-eabi/lib/thumb/v7e-m+fp/hard\libc_nano.a(libc_a-nano-svfprintf.o)
 .bss           0x20000348        0x0 C:/arm-gnu-toolchain-15.2.rel1-mingw-w64-i686-arm-none-eabi/bin/../lib/gcc/arm-none-eabi/15.2.1/../../../../arm-none-eabi/lib/thumb/v7e-m+fp/hard\libc_nano.a(libc_a-nano-vfprintf.o)
 .bss           0x20000348        0x0 C:/arm-gnu-toolchain-15.2.rel1-mingw-w64-i686-arm-none-eabi/bin/../lib/gcc/arm-none-eabi/15.2.1/../../../../arm-none-eabi/lib/thumb/v7e-m+fp/hard\libc_nano.a(libc_a-fflush.o)
 .bss           0x20000348        0x0 C:/arm-gnu-toolchain-15.2.rel1-mingw-w64-i686-arm-none-eabi/bin/../lib/gcc/arm-none-eabi/15.2.1/../../../../arm-none-eabi/lib/thumb/v7e-m+fp/hard\libc_nano.a(libc_a-findfp.o)
 .bss           0x20000348        0x0 C:/arm-gnu-toolchain-15.2.rel1-mingw-w64-i686-arm-none-eabi/bin/../lib/gcc/arm-none-eabi/15.2.1/../../../../arm-none-eabi/lib/thumb/v7e-m+fp/hard\libc_nano.a(libc_a-fvwrite.o)
 .bss           0x20000348        0x0 C:/arm-gnu-toolchain-15.2.rel1-mingw-w64-i686-arm-none-eabi/bin/../lib/gcc/arm-none-eabi/15.2.1/../../../../arm-none-eabi/lib/thumb/v7e-m+fp/hard\libc_nano.a(libc_a-fwalk.o)
 .bss           0x20000348        0x0 C:/arm-gnu-toolchain-15.2.rel1-mingw-w64-i686-arm-none-eabi/bin/../lib/gcc/arm-none-eabi/15.2.1/../../../../arm-none-eabi/lib/thumb/v7e-m+fp/hard\libc_nano.a(libc_a-makebuf.o)
 .bss           0x20000348        0x0 C:/arm-gnu-toolchain-15.2.rel1-mingw-w64-i686-arm-none-eabi/bin/../lib/gcc/arm-none-eabi/15.2.1/../../../../arm-none-eabi/lib/thumb/v7e-m+fp/hard\libc_nano.a(libc_a-stdio.o)
 .bss           0x20000348        0x0 C:/arm-gnu-toolchain-15.2.rel1-mingw-w64-i686-arm-none-eabi/bin/../lib/gcc/arm-none-eabi/15.2.1/../../../../arm-none-eabi/lib/thumb/v7e-m+fp/hard\libc_nano.a(libc_a-wbuf.o)
 .bss           0x20000348        0x0 C:/arm-gnu-toolchain-15.2.rel1-mingw-w64-i686-arm-none-eabi/bin/../lib/gcc/arm-none-eabi/15.2.1/../../../../arm-none-eabi/lib/thumb/v7e-m+fp/hard\libc_nano.a(libc_a-wsetup.o)
 .bss           0x20000348        0x0 C:/arm-gnu-toolchain-15.2.rel1-mingw-w64-i686-arm-none-eabi/bin/../lib/gcc/arm-none-eabi/15.2.1/../../../../arm-none-eabi/lib/thumb/v7e-m+fp/hard\libc_nano.a(libc_a-memmove.o)
 .bss           0x20000348        0x0 C:/arm-gnu-toolchain-15.2.rel1-mingw-w64-i686-arm-none-eabi/bin/../lib/gcc/arm-none-eabi/15.2.1/../../../../arm-none-eabi/lib/thumb/v7e-m+fp/hard\libc_nano.a(libc_a-memset.o)
 .bss           0x20000348        0x0 C:/arm-gnu-toolchain-15.2.rel1-mingw-w64-i686-arm-none-eabi/bin/../lib/gcc/arm-none-eabi/15.2.1/../../../../arm-none-eabi/lib/thumb/v7e-m+fp/hard\libc_nano.a(libc_a-locale.o)
 .bss           0x20000348        0x0 C:/arm-gnu-toolchain-15.2.rel1-mingw-w64-i686-arm-none-eabi/bin/../lib/gcc/arm-none-eabi/15.2.1/../../../../arm-none-eabi/lib/thumb/v7e-m+fp/hard\libc_nano.a(libc_a-closer.o)
 .bss           0x20000348        0x0 C:/arm-gnu-toolchain-15.2.rel1-mingw-w64-i686-arm-none-eabi/bin/../lib/gcc/arm-none-eabi/15.2.1/../../../../arm-none-eabi/lib/thumb/v7e-m+fp/hard\libc_nano.a(libc_a-reent.o)
 .bss           0x20000348        0x0 C:/arm-gnu-toolchain-15.2.rel1-mingw-w64-i686-arm-none-eabi/bin/../lib/gcc/arm-none-eabi/15.2.1/../../../../arm-none-eabi/lib/thumb/v7e-m+fp/hard\libc_nano.a(libc_a-fstatr.o)
 .bss           0x20000348        0x0 C:/arm-gnu-toolchain-15.2.rel1-mingw-w64-i686-arm-none-eabi/bin/../lib/gcc/arm-none-eabi/15.2.1/../../../../arm-none-eabi/lib/thumb/v7e-m+fp/hard\libc_nano.a(libc_a-isattyr.o)
 .bss           0x20000348        0x0 C:/arm-gnu-toolchain-15.2.rel1-mingw-w64-i686-arm-none-eabi/bin/../lib/gcc/arm-none-eabi/15.2.1/../../../../arm-none-eabi/lib/thumb/v7e-m+fp/hard\libc_nano.a(libc_a-lseekr.o)
 .bss           0x20000348        0x0 C:/arm-gnu-toolchain-15.2.rel1-mingw-w64-i686-arm-none-eabi/bin/../lib/gcc/arm-none-eabi/15.2.1/../../../../arm-none-eabi/lib/thumb/v7e-m+fp/hard\libc_nano.a(libc_a-readr.o)
 .bss           0x20000348        0x0 C:/arm-gnu-toolchain-15.2.rel1-mingw-w64-i686-arm-none-eabi/bin/../lib/gcc/arm-none-eabi/15.2.1/../../../../arm-none-eabi/lib/thumb/v7e-m+fp/hard\libc_nano.a(libc_a-sbrkr.o)
 .bss           0x20000348        0x0 C:/arm-gnu-toolchain-15.2.rel1-mingw-w64-i686-arm-none-eabi/bin/../lib/gcc/arm-none-eabi/15.2.1/../../../../arm-none-eabi/lib/thumb/v7e-m+fp/hard\libc_nano.a(libc_a-writer.o)
 .bss           0x20000348        0x0 C:/arm-gnu-toolchain-15.2.rel1-mingw-w64-i686-arm-none-eabi/bin/../lib/gcc/arm-none-eabi/15.2.1/../../../../arm-none-eabi/lib/thumb/v7e-m+fp/hard\libc_nano.a(libc_a-strcmp.o)
 .bss           0x20000348        0x0 C:/arm-gnu-toolchain-15.2.rel1-mingw-w64-i686-arm-none-eabi/bin/../lib/gcc/arm-none-eabi/15.2.1/../../../../arm-none-eabi/lib/thumb/v7e-m+fp/hard\libc_nano.a(libc_a-memcpy-stub.o)
 .bss           0x20000348        0x0 C:/arm-gnu-toolchain-15.2.rel1-mingw-w64-i686-arm-none-eabi/bin/../lib/gcc/arm-none-eabi/15.2.1/../../../../arm-none-eabi/lib/thumb/v7e-m+fp/hard\libc_nano.a(libc_a-assert.o)